Component: ARM Compiler 5.06 update 6 (build 750) Tool: armlink [4d35ed]

==============================================================================

Section Cross References

    main.o(i.main) refers to delay.o(i.delay_init) for delay_init
    main.o(i.main) refers to usart1.o(i.USART1_Init) for USART1_Init
    main.o(i.main) refers to uasrt_other.o(i.USART3_Init) for USART3_Init
    main.o(i.main) refers to misc.o(i.NVIC_PriorityGroupConfig) for NVIC_PriorityGroupConfig
    main.o(i.main) refers to mpu6050.o(i.MPU6050_Init) for MPU6050_Init
    main.o(i.main) refers to mpu6050.o(i.Timer1_Init) for Timer1_Init
    main.o(i.main) refers to timer.o(i.TIM2_PWM_Init) for TIM2_PWM_Init
    main.o(i.main) refers to timer.o(i.TIM3_Mode_Config) for TIM3_Mode_Config
    main.o(i.main) refers to timer.o(i.TIM4_Mode_Config) for TIM4_Mode_Config
    main.o(i.main) refers to adc.o(i.Adc_Init) for Adc_Init
    main.o(i.main) refers to oled.o(i.OLED_Init) for OLED_Init
    main.o(i.main) refers to oled.o(i.OLED_ShowString) for OLED_ShowString
    main.o(i.main) refers to oled.o(i.OLED_Refresh_Gram) for OLED_Refresh_Gram
    main.o(i.main) refers to fleqf.o(x$fpl$fleqf) for __aeabi_cfcmple
    main.o(i.main) refers to frleqf.o(x$fpl$frleqf) for __aeabi_cfrcmple
    main.o(i.main) refers to pid.o(i.Control) for Control
    main.o(i.main) refers to pid.o(i.Close_Motor) for Close_Motor
    main.o(i.main) refers to delay.o(i.delay_ms) for delay_ms
    main.o(i.main) refers to mpu6050.o(.data) for Roll
    system_stm32f10x.o(i.SetSysClock) refers to system_stm32f10x.o(i.SetSysClockTo72) for SetSysClockTo72
    system_stm32f10x.o(i.SystemCoreClockUpdate) refers to system_stm32f10x.o(.data) for SystemCoreClock
    system_stm32f10x.o(i.SystemInit) refers to system_stm32f10x.o(i.SetSysClock) for SetSysClock
    startup_stm32f10x_md.o(STACK) refers (Special) to heapauxi.o(.text) for __use_two_region_memory
    startup_stm32f10x_md.o(HEAP) refers (Special) to heapauxi.o(.text) for __use_two_region_memory
    startup_stm32f10x_md.o(RESET) refers (Special) to heapauxi.o(.text) for __use_two_region_memory
    startup_stm32f10x_md.o(RESET) refers to startup_stm32f10x_md.o(STACK) for __initial_sp
    startup_stm32f10x_md.o(RESET) refers to startup_stm32f10x_md.o(.text) for Reset_Handler
    startup_stm32f10x_md.o(RESET) refers to stm32f10x_it.o(i.NMI_Handler) for NMI_Handler
    startup_stm32f10x_md.o(RESET) refers to stm32f10x_it.o(i.HardFault_Handler) for HardFault_Handler
    startup_stm32f10x_md.o(RESET) refers to stm32f10x_it.o(i.MemManage_Handler) for MemManage_Handler
    startup_stm32f10x_md.o(RESET) refers to stm32f10x_it.o(i.BusFault_Handler) for BusFault_Handler
    startup_stm32f10x_md.o(RESET) refers to stm32f10x_it.o(i.UsageFault_Handler) for UsageFault_Handler
    startup_stm32f10x_md.o(RESET) refers to stm32f10x_it.o(i.SVC_Handler) for SVC_Handler
    startup_stm32f10x_md.o(RESET) refers to stm32f10x_it.o(i.DebugMon_Handler) for DebugMon_Handler
    startup_stm32f10x_md.o(RESET) refers to stm32f10x_it.o(i.PendSV_Handler) for PendSV_Handler
    startup_stm32f10x_md.o(RESET) refers to stm32f10x_it.o(i.SysTick_Handler) for SysTick_Handler
    startup_stm32f10x_md.o(RESET) refers to mpu6050.o(i.TIM1_UP_IRQHandler) for TIM1_UP_IRQHandler
    startup_stm32f10x_md.o(RESET) refers to usart1.o(i.USART1_IRQHandler) for USART1_IRQHandler
    startup_stm32f10x_md.o(RESET) refers to uasrt_other.o(i.USART3_IRQHandler) for USART3_IRQHandler
    startup_stm32f10x_md.o(.text) refers (Special) to heapauxi.o(.text) for __use_two_region_memory
    startup_stm32f10x_md.o(.text) refers to system_stm32f10x.o(i.SystemInit) for SystemInit
    startup_stm32f10x_md.o(.text) refers to __main.o(!!!main) for __main
    startup_stm32f10x_md.o(.text) refers to startup_stm32f10x_md.o(HEAP) for Heap_Mem
    startup_stm32f10x_md.o(.text) refers to startup_stm32f10x_md.o(STACK) for Stack_Mem
    stm32f10x_gpio.o(i.GPIO_AFIODeInit) refers to stm32f10x_rcc.o(i.RCC_APB2PeriphResetCmd) for RCC_APB2PeriphResetCmd
    stm32f10x_gpio.o(i.GPIO_DeInit) refers to stm32f10x_rcc.o(i.RCC_APB2PeriphResetCmd) for RCC_APB2PeriphResetCmd
    stm32f10x_rcc.o(i.RCC_GetClocksFreq) refers to stm32f10x_rcc.o(.data) for APBAHBPrescTable
    stm32f10x_rcc.o(i.RCC_WaitForHSEStartUp) refers to stm32f10x_rcc.o(i.RCC_GetFlagStatus) for RCC_GetFlagStatus
    stm32f10x_tim.o(i.TIM_DeInit) refers to stm32f10x_rcc.o(i.RCC_APB2PeriphResetCmd) for RCC_APB2PeriphResetCmd
    stm32f10x_tim.o(i.TIM_DeInit) refers to stm32f10x_rcc.o(i.RCC_APB1PeriphResetCmd) for RCC_APB1PeriphResetCmd
    stm32f10x_tim.o(i.TIM_ETRClockMode1Config) refers to stm32f10x_tim.o(i.TIM_ETRConfig) for TIM_ETRConfig
    stm32f10x_tim.o(i.TIM_ETRClockMode2Config) refers to stm32f10x_tim.o(i.TIM_ETRConfig) for TIM_ETRConfig
    stm32f10x_tim.o(i.TIM_ICInit) refers to stm32f10x_tim.o(i.TI1_Config) for TI1_Config
    stm32f10x_tim.o(i.TIM_ICInit) refers to stm32f10x_tim.o(i.TIM_SetIC1Prescaler) for TIM_SetIC1Prescaler
[...]
    x$fpl$dmul                               0x08005eac   Section      340  dmul.o(x$fpl$dmul)
    x$fpl$dnaninf                            0x08006000   Section      156  dnaninf.o(x$fpl$dnaninf)
    x$fpl$dretinf                            0x0800609c   Section       12  dretinf.o(x$fpl$dretinf)
    x$fpl$drsb                               0x080060a8   Section       22  daddsub_clz.o(x$fpl$drsb)
    x$fpl$dsqrt                              0x080060c0   Section      460  dsqrt_noumaal.o(x$fpl$dsqrt)
    x$fpl$dsub                               0x0800628c   Section      468  daddsub_clz.o(x$fpl$dsub)
    _dsub1                                   0x0800629d   Thumb Code     0  daddsub_clz.o(x$fpl$dsub)
    x$fpl$f2d                                0x08006460   Section       86  f2d.o(x$fpl$f2d)
    x$fpl$fadd                               0x080064b8   Section      196  faddsub_clz.o(x$fpl$fadd)
    _fadd1                                   0x080064c7   Thumb Code     0  faddsub_clz.o(x$fpl$fadd)
    x$fpl$fcmpinf                            0x0800657c   Section       24  fcmpi.o(x$fpl$fcmpinf)
    x$fpl$fdiv                               0x08006594   Section      388  fdiv.o(x$fpl$fdiv)
    _fdiv1                                   0x08006595   Thumb Code     0  fdiv.o(x$fpl$fdiv)
    x$fpl$feqf                               0x08006718   Section      104  feqf.o(x$fpl$feqf)
    x$fpl$ffix                               0x08006780   Section       54  ffix.o(x$fpl$ffix)
    x$fpl$ffixu                              0x080067b8   Section       62  ffixu.o(x$fpl$ffixu)
    x$fpl$fflt                               0x080067f8   Section       48  fflt_clz.o(x$fpl$fflt)
    x$fpl$ffltu                              0x08006828   Section       38  fflt_clz.o(x$fpl$ffltu)
    x$fpl$fleqf                              0x08006850   Section      104  fleqf.o(x$fpl$fleqf)
    x$fpl$fmul                               0x080068b8   Section      258  fmul.o(x$fpl$fmul)
    x$fpl$fnaninf                            0x080069ba   Section      140  fnaninf.o(x$fpl$fnaninf)
    x$fpl$fretinf                            0x08006a46   Section       10  fretinf.o(x$fpl$fretinf)
    x$fpl$frleqf                             0x08006a50   Section       98  frleqf.o(x$fpl$frleqf)
    x$fpl$frsb                               0x08006ab2   Section       20  faddsub_clz.o(x$fpl$frsb)
    x$fpl$fsub                               0x08006ac8   Section      234  faddsub_clz.o(x$fpl$fsub)
    _fsub1                                   0x08006ad7   Thumb Code     0  faddsub_clz.o(x$fpl$fsub)
    x$fpl$retnan                             0x08006bb2   Section      100  retnan.o(x$fpl$retnan)
    x$fpl$scalbn                             0x08006c16   Section       92  scalbn.o(x$fpl$scalbn)
    x$fpl$trapveneer                         0x08006c72   Section       48  trapv.o(x$fpl$trapveneer)
    x$fpl$usenofp                            0x08006ca2   Section        0  usenofp.o(x$fpl$usenofp)
    .constdata                               0x08006ca4   Section       80  inv_mpu.o(.constdata)
    .constdata                               0x08006cf4   Section     3062  inv_mpu_dmp_motion_driver.o(.constdata)
    dmp_memory                               0x08006cf4   Data        3062  inv_mpu_dmp_motion_driver.o(.constdata)
    .constdata                               0x080078ea   Section     6080  oled.o(.constdata)
    .constdata                               0x080090b0   Section       80  asin.o(.constdata)
    pS                                       0x080090b0   Data          48  asin.o(.constdata)
    qS                                       0x080090e0   Data          32  asin.o(.constdata)
    .constdata                               0x08009100   Section      152  atan.o(.constdata)
    atanhi                                   0x08009100   Data          32  atan.o(.constdata)
    atanlo                                   0x08009120   Data          32  atan.o(.constdata)
    aTodd                                    0x08009140   Data          40  atan.o(.constdata)
    aTeven                                   0x08009168   Data          48  atan.o(.constdata)
    .constdata                               0x08009198   Section        8  qnan.o(.constdata)
    .data                                    0x20000000   Section       20  system_stm32f10x.o(.data)
    .data                                    0x20000014   Section       20  stm32f10x_rcc.o(.data)
    APBAHBPrescTable                         0x20000014   Data          16  stm32f10x_rcc.o(.data)
    ADCPrescTable                            0x20000024   Data           4  stm32f10x_rcc.o(.data)
    .data                                    0x20000028   Section        4  delay.o(.data)
    fac_us                                   0x20000028   Data           1  delay.o(.data)
    fac_ms                                   0x2000002a   Data           2  delay.o(.data)
    .data                                    0x2000002c   Section       60  mpu6050.o(.data)
    gyro_orientation                         0x2000002c   Data           9  mpu6050.o(.data)
    count                                    0x20000067   Data           1  mpu6050.o(.data)
    .data                                    0x20000068   Section       44  inv_mpu.o(.data)
    st                                       0x20000068   Data          44  inv_mpu.o(.data)
    .data                                    0x20000094   Section        4  inv_mpu_dmp_motion_driver.o(.data)
    .data                                    0x20000098   Section        6  usart1.o(.data)
    .data                                    0x200000a0   Section       56  pid.o(.data)
    KP                                       0x200000b0   Data           4  pid.o(.data)
    KD                                       0x200000b4   Data           4  pid.o(.data)
    Set_Angle                                0x200000b8   Data           4  pid.o(.data)
    Velocity                                 0x200000bc   Data           4  pid.o(.data)
    Encoder_Least                            0x200000c0   Data           4  pid.o(.data)
    Encoder                                  0x200000c4   Data           4  pid.o(.data)
    Movement                                 0x200000c8   Data           2  pid.o(.data)
    Encoder_Integral                         0x200000cc   Data           4  pid.o(.data)
    kp                                       0x200000d0   Data           4  pid.o(.data)
    ki                                       0x200000d4   Data           4  pid.o(.data)
    .data                                    0x200000d8   Section        4  encoder.o(.data)
    .data                                    0x200000dc   Section        6  uasrt_other.o(.data)
    Rec_flag                                 0x200000dc   Data           1  uasrt_other.o(.data)
    Rec_Buf                                  0x200000dd   Data           4  uasrt_other.o(.data)
    count                                    0x200000e1   Data           1  uasrt_other.o(.data)
    .bss                                     0x200000e4   Section       16  mpu6050.o(.bss)
    .bss                                     0x200000f4   Section       16  inv_mpu_dmp_motion_driver.o(.bss)
    dmp                                      0x200000f4   Data          16  inv_mpu_dmp_motion_driver.o(.bss)
    .bss                                     0x20000104   Section     1000  usart1.o(.bss)
    .bss                                     0x200004ec   Section     1024  oled.o(.bss)
    .bss                                     0x200008ec   Section       96  libspace.o(.bss)
    HEAP                                     0x20000950   Section      512  startup_stm32f10x_md.o(HEAP)
    Heap_Mem                                 0x20000950   Data         512  startup_stm32f10x_md.o(HEAP)
    STACK                                    0x20000b50   Section     1024  startup_stm32f10x_md.o(STACK)
    Stack_Mem                                0x20000b50   Data        1024  startup_stm32f10x_md.o(STACK)
    __initial_sp                             0x20000f50   Data           0  startup_stm32f10x_md.o(STACK)

    Global Symbols

    Symbol Name                              Value     Ov Type        Size  Object(Section)

    BuildAttributes$$THM_ISAv4$P$D$K$B$S$PE$A:L22UL41UL21$X:L11$S22US41US21$IEEE1$IW$USESV6$~STKCKD$USESV7$~SHL$OTIME$ROPI$IEEEX$EBA8$UX$STANDARDLIB$REQ8$PRES8$EABIv2 0x00000000   Number         0  anon$$obj.o ABSOLUTE
    __ARM_use_no_argv                        0x00000000   Number         0  main.o ABSOLUTE
    __ARM_exceptions_init                     - Undefined Weak Reference
    __alloca_initialize                       - Undefined Weak Reference
    __arm_preinit_                            - Undefined Weak Reference
    __cpp_initialize__aeabi_                  - Undefined Weak Reference
    __cxa_finalize                            - Undefined Weak Reference
    __rt_locale                               - Undefined Weak Reference
    __sigvec_lookup                           - Undefined Weak Reference
    _atexit_init                              - Undefined Weak Reference
    _call_atexit_fns                          - Undefined Weak Reference
    _clock_init                               - Undefined Weak Reference
    _fp_trap_init                             - Undefined Weak Reference
    _fp_trap_shutdown                         - Undefined Weak Reference
    _get_lc_collate                           - Undefined Weak Reference
    _get_lc_ctype                             - Undefined Weak Reference
    _get_lc_monetary                          - Undefined Weak Reference
    _get_lc_numeric                           - Undefined Weak Reference
    _get_lc_time                              - Undefined Weak Reference
    _getenv_init                              - Undefined Weak Reference
    _handle_redirection                       - Undefined Weak Reference
    _init_alloc                               - Undefined Weak Reference
    _init_user_alloc                          - Undefined Weak Reference
    _initio                                   - Undefined Weak Reference
    _rand_init                                - Undefined Weak Reference
    _signal_finish                            - Undefined Weak Reference
    _signal_init                              - Undefined Weak Reference
    _terminate_alloc                          - Undefined Weak Reference
    _terminate_user_alloc                     - Undefined Weak Reference
    _terminateio                              - Undefined Weak Reference
    __Vectors_Size                           0x000000ec   Number         0  startup_stm32f10x_md.o ABSOLUTE
    __Vectors                                0x08000000   Data           4  startup_stm32f10x_md.o(RESET)
    __Vectors_End                            0x080000ec   Data           0  startup_stm32f10x_md.o(RESET)
    __main                                   0x080000ed   Thumb Code     8  __main.o(!!!main)
    __scatterload                            0x080000f5   Thumb Code     0  __scatter.o(!!!scatter)
    __scatterload_rt2                        0x080000f5   Thumb Code    44  __scatter.o(!!!scatter)
    __scatterload_rt2_thumb_only             0x080000f5   Thumb Code     0  __scatter.o(!!!scatter)
    __scatterload_null                       0x08000103   Thumb Code     0  __scatter.o(!!!scatter)
    __scatterload_copy                       0x08000129   Thumb Code    26  __scatter_copy.o(!!handler_copy)
    __scatterload_zeroinit                   0x08000145   Thumb Code    28  __scatter_zi.o(!!handler_zi)
    __rt_lib_init                            0x08000161   Thumb Code     0  libinit.o(.ARM.Collect$$libinit$$00000000)
    __rt_lib_init_alloca_1                   0x08000163   Thumb Code     0  libinit2.o(.ARM.Collect$$libinit$$0000002E)
    __rt_lib_init_argv_1                     0x08000163   Thumb Code     0  libinit2.o(.ARM.Collect$$libinit$$0000002C)
    __rt_lib_init_atexit_1                   0x08000163   Thumb Code     0  libinit2.o(.ARM.Collect$$libinit$$0000001B)
    __rt_lib_init_clock_1                    0x08000163   Thumb Code     0  libinit2.o(.ARM.Collect$$libinit$$00000021)
    __rt_lib_init_cpp_1                      0x08000163   Thumb Code     0  libinit2.o(.ARM.Collect$$libinit$$00000032)
    __rt_lib_init_exceptions_1               0x08000163   Thumb Code     0  libinit2.o(.ARM.Collect$$libinit$$00000030)
    __rt_lib_init_fp_1                       0x08000163   Thumb Code     0  libinit2.o(.ARM.Collect$$libinit$$00000002)
    __rt_lib_init_fp_trap_1                  0x08000163   Thumb Code     0  libinit2.o(.ARM.Collect$$libinit$$0000001F)
    __rt_lib_init_getenv_1                   0x08000163   Thumb Code     0  libinit2.o(.ARM.Collect$$libinit$$00000023)
    __rt_lib_init_heap_1                     0x08000163   Thumb Code     0  libinit2.o(.ARM.Collect$$libinit$$0000000A)
    __rt_lib_init_lc_collate_1               0x08000163   Thumb Code     0  libinit2.o(.ARM.Collect$$libinit$$00000011)
    __rt_lib_init_lc_ctype_1                 0x08000163   Thumb Code     0  libinit2.o(.ARM.Collect$$libinit$$00000013)
    __rt_lib_init_lc_monetary_1              0x08000163   Thumb Code     0  libinit2.o(.ARM.Collect$$libinit$$00000015)
    __rt_lib_init_lc_numeric_1               0x08000163   Thumb Code     0  libinit2.o(.ARM.Collect$$libinit$$00000017)
    __rt_lib_init_lc_time_1                  0x08000163   Thumb Code     0  libinit2.o(.ARM.Collect$$libinit$$00000019)
    __rt_lib_init_preinit_1                  0x08000163   Thumb Code     0  libinit2.o(.ARM.Collect$$libinit$$00000004)
    __rt_lib_init_rand_1                     0x08000163   Thumb Code     0  libinit2.o(.ARM.Collect$$libinit$$0000000E)
    __rt_lib_init_return                     0x08000163   Thumb Code     0  libinit2.o(.ARM.Collect$$libinit$$00000033)
    __rt_lib_init_signal_1                   0x08000163   Thumb Code     0  libinit2.o(.ARM.Collect$$libinit$$0000001D)
    __rt_lib_init_stdio_1                    0x08000163   Thumb Code     0  libinit2.o(.ARM.Collect$$libinit$$00000025)
    __rt_lib_init_user_alloc_1               0x08000163   Thumb Code     0  libinit2.o(.ARM.Collect$$libinit$$0000000C)
    __rt_lib_shutdown                        0x08000165   Thumb Code     0  libshutdown.o(.ARM.Collect$$libshutdown$$00000000)
    __rt_lib_shutdown_cpp_1                  0x08000167   Thumb Code     0  libshutdown2.o(.ARM.Collect$$libshutdown$$00000002)
    __rt_lib_shutdown_fp_trap_1              0x08000167   Thumb Code     0  libshutdown2.o(.ARM.Collect$$libshutdown$$00000007)
    __rt_lib_shutdown_heap_1                 0x08000167   Thumb Code     0  libshutdown2.o(.ARM.Collect$$libshutdown$$0000000F)
    __rt_lib_shutdown_return                 0x08000167   Thumb Code     0  libshutdown2.o(.ARM.Collect$$libshutdown$$00000010)
    __rt_lib_shutdown_signal_1               0x08000167   Thumb Code     0  libshutdown2.o(.ARM.Collect$$libshutdown$$0000000A)
    __rt_lib_shutdown_stdio_1                0x08000167   Thumb Code     0  libshutdown2.o(.ARM.Collect$$libshutdown$$00000004)
    __rt_lib_shutdown_user_alloc_1           0x08000167   Thumb Code     0  libshutdown2.o(.ARM.Collect$$libshutdown$$0000000C)
    __rt_entry                               0x08000169   Thumb Code     0  __rtentry.o(.ARM.Collect$$rtentry$$00000000)
    __rt_entry_presh_1                       0x08000169   Thumb Code     0  __rtentry2.o(.ARM.Collect$$rtentry$$00000002)
    __rt_entry_sh                            0x08000169   Thumb Code     0  __rtentry4.o(.ARM.Collect$$rtentry$$00000004)
    __rt_entry_li                            0x0800016f   Thumb Code     0  __rtentry2.o(.ARM.Collect$$rtentry$$0000000A)
    __rt_entry_postsh_1                      0x0800016f   Thumb Code     0  __rtentry2.o(.ARM.Collect$$rtentry$$00000009)
    __rt_entry_main                          0x08000173   Thumb Code     0  __rtentry2.o(.ARM.Collect$$rtentry$$0000000D)
    __rt_entry_postli_1                      0x08000173   Thumb Code     0  __rtentry2.o(.ARM.Collect$$rtentry$$0000000C)
    __rt_exit                                0x0800017b   Thumb Code     0  rtexit.o(.ARM.Collect$$rtexit$$00000000)
    __rt_exit_ls                             0x0800017d   Thumb Code     0  rtexit2.o(.ARM.Collect$$rtexit$$00000003)
    __rt_exit_prels_1                        0x0800017d   Thumb Code     0  rtexit2.o(.ARM.Collect$$rtexit$$00000002)
    __rt_exit_exit                           0x08000181   Thumb Code     0  rtexit2.o(.ARM.Collect$$rtexit$$00000004)
    Reset_Handler                            0x08000189   Thumb Code     8  startup_stm32f10x_md.o(.text)
    ADC1_2_IRQHandler                        0x080001a3   Thumb Code     0  startup_stm32f10x_md.o(.text)
    CAN1_RX1_IRQHandler                      0x080001a3   Thumb Code     0  startup_stm32f10x_md.o(.text)
    CAN1_SCE_IRQHandler                      0x080001a3   Thumb Code     0  startup_stm32f10x_md.o(.text)
    DMA1_Channel1_IRQHandler                 0x080001a3   Thumb Code     0  startup_stm32f10x_md.o(.text)
    DMA1_Channel2_IRQHandler                 0x080001a3   Thumb Code     0  startup_stm32f10x_md.o(.text)
    DMA1_Channel3_IRQHandler                 0x080001a3   Thumb Code     0  startup_stm32f10x_md.o(.text)
    DMA1_Channel4_IRQHandler                 0x080001a3   Thumb Code     0  startup_stm32f10x_md.o(.text)
    DMA1_Channel5_IRQHandler                 0x080001a3   Thumb Code     0  startup_stm32f10x_md.o(.text)
    DMA1_Channel6_IRQHandler                 0x080001a3   Thumb Code     0  startup_stm32f10x_md.o(.text)
    DMA1_Channel7_IRQHandler                 0x080001a3   Thumb Code     0  startup_stm32f10x_md.o(.text)
    EXTI0_IRQHandler                         0x080001a3   Thumb Code     0  startup_stm32f10x_md.o(.text)
    EXTI15_10_IRQHandler                     0x080001a3   Thumb Code     0  startup_stm32f10x_md.o(.text)
    EXTI1_IRQHandler                         0x080001a3   Thumb Code     0  startup_stm32f10x_md.o(.text)
    EXTI2_IRQHandler                         0x080001a3   Thumb Code     0  startup_stm32f10x_md.o(.text)
    EXTI3_IRQHandler                         0x080001a3   Thumb Code     0  startup_stm32f10x_md.o(.text)
    EXTI4_IRQHandler                         0x080001a3   Thumb Code     0  startup_stm32f10x_md.o(.text)
    EXTI9_5_IRQHandler                       0x080001a3   Thumb Code     0  startup_stm32f10x_md.o(.text)
    FLASH_IRQHandler                         0x080001a3   Thumb Code     0  startup_stm32f10x_md.o(.text)
    I2C1_ER_IRQHandler                       0x080001a3   Thumb Code     0  startup_stm32f10x_md.o(.text)
    I2C1_EV_IRQHandler                       0x080001a3   Thumb Code     0  startup_stm32f10x_md.o(.text)
    I2C2_ER_IRQHandler                       0x080001a3   Thumb Code     0  startup_stm32f10x_md.o(.text)
    I2C2_EV_IRQHandler                       0x080001a3   Thumb Code     0  startup_stm32f10x_md.o(.text)
    PVD_IRQHandler                           0x080001a3   Thumb Code     0  startup_stm32f10x_md.o(.text)
    RCC_IRQHandler                           0x080001a3   Thumb Code     0  startup_stm32f10x_md.o(.text)
    RTCAlarm_IRQHandler                      0x080001a3   Thumb Code     0  startup_stm32f10x_md.o(.text)
    RTC_IRQHandler                           0x080001a3   Thumb Code     0  startup_stm32f10x_md.o(.text)
    SPI1_IRQHandler                          0x080001a3   Thumb Code     0  startup_stm32f10x_md.o(.text)
    SPI2_IRQHandler                          0x080001a3   Thumb Code     0  startup_stm32f10x_md.o(.text)
    TAMPER_IRQHandler                        0x080001a3   Thumb Code     0  startup_stm32f10x_md.o(.text)
    TIM1_BRK_IRQHandler                      0x080001a3   Thumb Code     0  startup_stm32f10x_md.o(.text)
    TIM1_CC_IRQHandler                       0x080001a3   Thumb Code     0  startup_stm32f10x_md.o(.text)
    TIM1_TRG_COM_IRQHandler                  0x080001a3   Thumb Code     0  startup_stm32f10x_md.o(.text)
    TIM2_IRQHandler                          0x080001a3   Thumb Code     0  startup_stm32f10x_md.o(.text)
    TIM3_IRQHandler                          0x080001a3   Thumb Code     0  startup_stm32f10x_md.o(.text)
    TIM4_IRQHandler                          0x080001a3   Thumb Code     0  startup_stm32f10x_md.o(.text)
    USART2_IRQHandler                        0x080001a3   Thumb Code     0  startup_stm32f10x_md.o(.text)
    USBWakeUp_IRQHandler                     0x080001a3   Thumb Code     0  startup_stm32f10x_md.o(.text)
    USB_HP_CAN1_TX_IRQHandler                0x080001a3   Thumb Code     0  startup_stm32f10x_md.o(.text)
    USB_LP_CAN1_RX0_IRQHandler               0x080001a3   Thumb Code     0  startup_stm32f10x_md.o(.text)
    WWDG_IRQHandler                          0x080001a3   Thumb Code     0  startup_stm32f10x_md.o(.text)
    __user_initial_stackheap                 0x080001a5   Thumb Code     0  startup_stm32f10x_md.o(.text)
    __use_no_semihosting                     0x080001c9   Thumb Code     2  use_no_semi_2.o(.text)
    __aeabi_ldivmod                          0x080001cb   Thumb Code     0  llsdiv.o(.text)
    _ll_sdiv                                 0x080001cb   Thumb Code    72  llsdiv.o(.text)
    memcmp                                   0x08000213   Thumb Code    88  memcmp.o(.text)
    __aeabi_memset                           0x0800026b   Thumb Code    16  aeabi_memset.o(.text)
    __use_two_region_memory                  0x0800027b   Thumb Code     2  heapauxi.o(.text)
    __rt_heap_escrow$2region                 0x0800027d   Thumb Code     2  heapauxi.o(.text)
    __rt_heap_expand$2region                 0x0800027f   Thumb Code     2  heapauxi.o(.text)
    __I$use$semihosting                      0x08000281   Thumb Code     0  use_no_semi.o(.text)
    __use_no_semihosting_swi                 0x08000281   Thumb Code     2  use_no_semi.o(.text)
    __aeabi_uldivmod                         0x08000283   Thumb Code     0  lludivv7m.o(.text)
    _ll_udiv                                 0x08000283   Thumb Code   238  lludivv7m.o(.text)
    __read_errno                             0x08000371   Thumb Code    10  _rserrno.o(.text)
    __set_errno                              0x0800037b   Thumb Code    12  _rserrno.o(.text)
    __aeabi_memclr                           0x08000387   Thumb Code     0  rt_memclr.o(.text)
    __rt_memclr                              0x08000387   Thumb Code    68  rt_memclr.o(.text)
    _memset                                  0x0800038b   Thumb Code     0  rt_memclr.o(.text)
    __aeabi_errno_addr                       0x080003cd   Thumb Code     8  rt_errno_addr_intlibspace.o(.text)
    __errno$intlibspace                      0x080003cd   Thumb Code     0  rt_errno_addr_intlibspace.o(.text)
    __rt_errno_addr$intlibspace              0x080003cd   Thumb Code     0  rt_errno_addr_intlibspace.o(.text)
    __aeabi_memclr4                          0x080003d5   Thumb Code     0  rt_memclr_w.o(.text)
    __aeabi_memclr8                          0x080003d5   Thumb Code     0  rt_memclr_w.o(.text)
    __rt_memclr_w                            0x080003d5   Thumb Code    78  rt_memclr_w.o(.text)
    _memset_w                                0x080003d9   Thumb Code     0  rt_memclr_w.o(.text)
    __user_libspace                          0x08000425   Thumb Code     8  libspace.o(.text)
    __user_perproc_libspace                  0x08000425   Thumb Code     0  libspace.o(.text)
    __user_perthread_libspace                0x08000425   Thumb Code     0  libspace.o(.text)
    __user_setup_stackheap                   0x0800042d   Thumb Code    74  sys_stackheap_outer.o(.text)
    exit                                     0x08000477   Thumb Code    18  exit.o(.text)
    ADC_Cmd                                  0x08000489   Thumb Code    22  stm32f10x_adc.o(i.ADC_Cmd)
    ADC_DeInit                               0x080004a1   Thumb Code    78  stm32f10x_adc.o(i.ADC_DeInit)
    ADC_GetCalibrationStatus                 0x080004fd   Thumb Code    20  stm32f10x_adc.o(i.ADC_GetCalibrationStatus)
    ADC_GetConversionValue                   0x08000511   Thumb Code     8  stm32f10x_adc.o(i.ADC_GetConversionValue)
    ADC_GetFlagStatus                        0x08000519   Thumb Code    18  stm32f10x_adc.o(i.ADC_GetFlagStatus)
    ADC_GetResetCalibrationStatus            0x0800052b   Thumb Code    20  stm32f10x_adc.o(i.ADC_GetResetCalibrationStatus)
    ADC_Init                                 0x08000541   Thumb Code    70  stm32f10x_adc.o(i.ADC_Init)
    ADC_RegularChannelConfig                 0x08000591   Thumb Code   184  stm32f10x_adc.o(i.ADC_RegularChannelConfig)
    ADC_ResetCalibration                     0x08000649   Thumb Code    10  stm32f10x_adc.o(i.ADC_ResetCalibration)
    ADC_SoftwareStartConvCmd                 0x08000653   Thumb Code    22  stm32f10x_adc.o(i.ADC_SoftwareStartConvCmd)
    ADC_StartCalibration                     0x08000669   Thumb Code    10  stm32f10x_adc.o(i.ADC_StartCalibration)
    Adc_Init                                 0x08000675   Thumb Code   132  adc.o(i.Adc_Init)
    BusFault_Handler                         0x08000701   Thumb Code     4  stm32f10x_it.o(i.BusFault_Handler)
    Close_Motor                              0x08000705   Thumb Code    44  pid.o(i.Close_Motor)
    Control                                  0x08000731   Thumb Code   106  pid.o(i.Control)
    DebugMon_Handler                         0x080007b5   Thumb Code     2  stm32f10x_it.o(i.DebugMon_Handler)
    GPIO_Init                                0x080007b7   Thumb Code   278  stm32f10x_gpio.o(i.GPIO_Init)
    GPIO_PinRemapConfig                      0x080008cd   Thumb Code   138  stm32f10x_gpio.o(i.GPIO_PinRemapConfig)
    GPIO_ReadInputDataBit                    0x0800095d   Thumb Code    18  stm32f10x_gpio.o(i.GPIO_ReadInputDataBit)
    GPIO_ResetBits                           0x0800096f   Thumb Code     4  stm32f10x_gpio.o(i.GPIO_ResetBits)
    GPIO_SetBits                             0x08000973   Thumb Code     4  stm32f10x_gpio.o(i.GPIO_SetBits)
    GPIO_StructInit                          0x08000977   Thumb Code    16  stm32f10x_gpio.o(i.GPIO_StructInit)
    Get_Adc                                  0x08000989   Thumb Code    46  adc.o(i.Get_Adc)
    Get_Adc_Average                          0x080009bd   Thumb Code    46  adc.o(i.Get_Adc_Average)
    HardFault_Handler                        0x080009eb   Thumb Code     4  stm32f10x_it.o(i.HardFault_Handler)
    I2C_Ack                                  0x080009f1   Thumb Code    52  iic.o(i.I2C_Ack)
    I2C_Init_IO                              0x08000a29   Thumb Code    52  iic.o(i.I2C_Init_IO)
    I2C_NAck                                 0x08000a61   Thumb Code    52  iic.o(i.I2C_NAck)
    I2C_Read                                 0x08000a99   Thumb Code    38  mpu6050.o(i.I2C_Read)
    I2C_Read_Buffer                          0x08000abf   Thumb Code   114  mpu6050.o(i.I2C_Read_Buffer)
    I2C_Read_Byte                            0x08000b31   Thumb Code    72  iic.o(i.I2C_Read_Byte)
    I2C_SDA_IN                               0x08000b7d   Thumb Code    24  iic.o(i.I2C_SDA_IN)
    I2C_SDA_OUT                              0x08000b99   Thumb Code    30  iic.o(i.I2C_SDA_OUT)
    I2C_Send_Byte                            0x08000bbd   Thumb Code    90  iic.o(i.I2C_Send_Byte)
    I2C_Start                                0x08000c1d   Thumb Code    52  iic.o(i.I2C_Start)
    I2C_Stop                                 0x08000c55   Thumb Code    52  iic.o(i.I2C_Stop)
    I2C_Wait_Ack                             0x08000c8d   Thumb Code    78  iic.o(i.I2C_Wait_Ack)
    I2C_Write                                0x08000ce1   Thumb Code    38  mpu6050.o(i.I2C_Write)
    I2C_Write_Buffer                         0x08000d07   Thumb Code    94  mpu6050.o(i.I2C_Write_Buffer)
    MPU6050_Init                             0x08000d65   Thumb Code    90  mpu6050.o(i.MPU6050_Init)
    MPU6050_Pose                             0x08000dc5   Thumb Code   568  mpu6050.o(i.MPU6050_Pose)
    MemManage_Handler                        0x08001035   Thumb Code     4  stm32f10x_it.o(i.MemManage_Handler)
    NMI_Handler                              0x08001039   Thumb Code     2  stm32f10x_it.o(i.NMI_Handler)
    NVIC_Init                                0x0800103d   Thumb Code   100  misc.o(i.NVIC_Init)
    NVIC_PriorityGroupConfig                 0x080010ad   Thumb Code    10  misc.o(i.NVIC_PriorityGroupConfig)
    OLED_Clear                               0x080010c1   Thumb Code    42  oled.o(i.OLED_Clear)
    OLED_DrawPoint                           0x080010f1   Thumb Code   100  oled.o(i.OLED_DrawPoint)
    OLED_Init                                0x08001159   Thumb Code   342  oled.o(i.OLED_Init)
    OLED_Refresh_Gram                        0x080012c1   Thumb Code    70  oled.o(i.OLED_Refresh_Gram)
    OLED_ShowChar                            0x0800130d   Thumb Code   254  oled.o(i.OLED_ShowChar)
    OLED_ShowString                          0x08001419   Thumb Code    94  oled.o(i.OLED_ShowString)
    OLED_WR_Byte                             0x08001479   Thumb Code    82  oled.o(i.OLED_WR_Byte)
    PWM_Set                                  0x080014d9   Thumb Code   158  pid.o(i.PWM_Set)
    PendSV_Handler                           0x08001577   Thumb Code     2  stm32f10x_it.o(i.PendSV_Handler)
    RCC_ADCCLKConfig                         0x08001579   Thumb Code    18  stm32f10x_rcc.o(i.RCC_ADCCLKConfig)
    RCC_APB1PeriphClockCmd                   0x08001591   Thumb Code    26  stm32f10x_rcc.o(i.RCC_APB1PeriphClockCmd)
    RCC_APB1PeriphResetCmd                   0x080015b1   Thumb Code    26  stm32f10x_rcc.o(i.RCC_APB1PeriphResetCmd)
    RCC_APB2PeriphClockCmd                   0x080015d1   Thumb Code    26  stm32f10x_rcc.o(i.RCC_APB2PeriphClockCmd)
    RCC_APB2PeriphResetCmd                   0x080015f1   Thumb Code    26  stm32f10x_rcc.o(i.RCC_APB2PeriphResetCmd)
    RCC_GetClocksFreq                        0x08001611   Thumb Code   192  stm32f10x_rcc.o(i.RCC_GetClocksFreq)
    Read_Encoder                             0x080016e5   Thumb Code    32  encoder.o(i.Read_Encoder)
    SVC_Handler                              0x08001715   Thumb Code     2  stm32f10x_it.o(i.SVC_Handler)
    SysTick_CLKSourceConfig                  0x08001801   Thumb Code    40  misc.o(i.SysTick_CLKSourceConfig)
    SysTick_Handler                          0x08001829   Thumb Code     2  stm32f10x_it.o(i.SysTick_Handler)
    SystemInit                               0x0800182d   Thumb Code    78  system_stm32f10x.o(i.SystemInit)
    TIM1_UP_IRQHandler                       0x08001acd   Thumb Code    52  mpu6050.o(i.TIM1_UP_IRQHandler)
    TIM2_PWM_Init                            0x08001b09   Thumb Code   220  timer.o(i.TIM2_PWM_Init)
    TIM3_Mode_Config                         0x08001be9   Thumb Code   164  timer.o(i.TIM3_Mode_Config)
    TIM4_Mode_Config                         0x08001c95   Thumb Code   164  timer.o(i.TIM4_Mode_Config)
    TIM_ClearFlag                            0x08001d41   Thumb Code     6  stm32f10x_tim.o(i.TIM_ClearFlag)
    TIM_ClearITPendingBit                    0x08001d47   Thumb Code     6  stm32f10x_tim.o(i.TIM_ClearITPendingBit)
    TIM_Cmd                                  0x08001d4d   Thumb Code    24  stm32f10x_tim.o(i.TIM_Cmd)
    TIM_DeInit                               0x08001d65   Thumb Code   424  stm32f10x_tim.o(i.TIM_DeInit)
    TIM_EncoderInterfaceConfig               0x08001f4d   Thumb Code    66  stm32f10x_tim.o(i.TIM_EncoderInterfaceConfig)
    TIM_GetITStatus                          0x08001f8f   Thumb Code    34  stm32f10x_tim.o(i.TIM_GetITStatus)
    TIM_ICInit                               0x08001fb1   Thumb Code   150  stm32f10x_tim.o(i.TIM_ICInit)
    TIM_ICStructInit                         0x0800205d   Thumb Code    18  stm32f10x_tim.o(i.TIM_ICStructInit)
    TIM_ITConfig                             0x0800206f   Thumb Code    18  stm32f10x_tim.o(i.TIM_ITConfig)
    TIM_OC1Init                              0x08002081   Thumb Code   132  stm32f10x_tim.o(i.TIM_OC1Init)
    TIM_OC1PreloadConfig                     0x08002119   Thumb Code    18  stm32f10x_tim.o(i.TIM_OC1PreloadConfig)
    TIM_OC2Init                              0x0800212d   Thumb Code   154  stm32f10x_tim.o(i.TIM_OC2Init)
    TIM_OC2PreloadConfig                     0x080021d1   Thumb Code    26  stm32f10x_tim.o(i.TIM_OC2PreloadConfig)
    TIM_OC3Init                              0x080021ed   Thumb Code   150  stm32f10x_tim.o(i.TIM_OC3Init)
    TIM_OC3PreloadConfig                     0x0800228d   Thumb Code    18  stm32f10x_tim.o(i.TIM_OC3PreloadConfig)
    TIM_OC4Init                              0x080022a1   Thumb Code   114  stm32f10x_tim.o(i.TIM_OC4Init)
    TIM_OC4PreloadConfig                     0x0800231d   Thumb Code    26  stm32f10x_tim.o(i.TIM_OC4PreloadConfig)
    TIM_SetCompare1                          0x08002337   Thumb Code     4  stm32f10x_tim.o(i.TIM_SetCompare1)
    TIM_SetCompare2                          0x0800233b   Thumb Code     4  stm32f10x_tim.o(i.TIM_SetCompare2)
    TIM_SetCompare3                          0x0800233f   Thumb Code     4  stm32f10x_tim.o(i.TIM_SetCompare3)
    TIM_SetCompare4                          0x08002343   Thumb Code     6  stm32f10x_tim.o(i.TIM_SetCompare4)
    TIM_SetIC1Prescaler                      0x08002349   Thumb Code    18  stm32f10x_tim.o(i.TIM_SetIC1Prescaler)
    TIM_SetIC2Prescaler                      0x0800235b   Thumb Code    26  stm32f10x_tim.o(i.TIM_SetIC2Prescaler)
    TIM_SetIC3Prescaler                      0x08002375   Thumb Code    18  stm32f10x_tim.o(i.TIM_SetIC3Prescaler)
    TIM_SetIC4Prescaler                      0x08002387   Thumb Code    26  stm32f10x_tim.o(i.TIM_SetIC4Prescaler)
    TIM_TimeBaseInit                         0x080023a1   Thumb Code   122  stm32f10x_tim.o(i.TIM_TimeBaseInit)
    TIM_TimeBaseStructInit                   0x08002445   Thumb Code    18  stm32f10x_tim.o(i.TIM_TimeBaseStructInit)
    Timer1_Init                              0x08002459   Thumb Code   104  mpu6050.o(i.Timer1_Init)
    USART1_IRQHandler                        0x080024c5   Thumb Code   124  usart1.o(i.USART1_IRQHandler)
    USART1_Init                              0x0800254d   Thumb Code   314  usart1.o(i.USART1_Init)
    USART3_IRQHandler                        0x08002695   Thumb Code   382  uasrt_other.o(i.USART3_IRQHandler)
    USART3_Init                              0x0800283d   Thumb Code   158  uasrt_other.o(i.USART3_Init)
    USART_Cmd                                0x080028e5   Thumb Code    24  stm32f10x_usart.o(i.USART_Cmd)
    USART_GetITStatus                        0x080028fd   Thumb Code    84  stm32f10x_usart.o(i.USART_GetITStatus)
    USART_ITConfig                           0x08002951   Thumb Code    74  stm32f10x_usart.o(i.USART_ITConfig)
    USART_Init                               0x0800299d   Thumb Code   210  stm32f10x_usart.o(i.USART_Init)
    USART_ReceiveData                        0x08002a75   Thumb Code    10  stm32f10x_usart.o(i.USART_ReceiveData)
    USART_SendData                           0x08002a7f   Thumb Code     8  stm32f10x_usart.o(i.USART_SendData)
    UsageFault_Handler                       0x08002a87   Thumb Code     4  stm32f10x_it.o(i.UsageFault_Handler)
    __ARM_fpclassify                         0x08002a8b   Thumb Code    40  fpclassify.o(i.__ARM_fpclassify)
    __kernel_poly                            0x08002ab3   Thumb Code   170  poly.o(i.__kernel_poly)
    __mathlib_dbl_infnan                     0x08002b5d   Thumb Code     6  dunder.o(i.__mathlib_dbl_infnan)
    __mathlib_dbl_infnan2                    0x08002b63   Thumb Code     4  dunder.o(i.__mathlib_dbl_infnan2)
    __mathlib_dbl_invalid                    0x08002b67   Thumb Code    12  dunder.o(i.__mathlib_dbl_invalid)
    __mathlib_dbl_underflow                  0x08002b75   Thumb Code    10  dunder.o(i.__mathlib_dbl_underflow)
    _sys_exit                                0x08002b85   Thumb Code     4  usart1.o(i._sys_exit)
    asin                                     0x08002c35   Thumb Code   572  asin.o(i.asin)
    atan                                     0x08002ea5   Thumb Code   474  atan.o(i.atan)
    atan2                                    0x080030c5   Thumb Code   346  atan2.o(i.atan2)
    balance                                  0x08003245   Thumb Code    72  pid.o(i.balance)
    delay_init                               0x080032fd   Thumb Code    50  delay.o(i.delay_init)
    delay_ms                                 0x08003341   Thumb Code    72  delay.o(i.delay_ms)
    delay_us                                 0x0800338d   Thumb Code    72  delay.o(i.delay_us)
    dmp_enable_6x_lp_quat                    0x080033d9   Thumb Code    60  inv_mpu_dmp_motion_driver.o(i.dmp_enable_6x_lp_quat)
    dmp_enable_feature                       0x08003415   Thumb Code   530  inv_mpu_dmp_motion_driver.o(i.dmp_enable_feature)
    dmp_enable_gyro_cal                      0x08003631   Thumb Code    62  inv_mpu_dmp_motion_driver.o(i.dmp_enable_gyro_cal)
    dmp_enable_lp_quat                       0x08003689   Thumb Code    60  inv_mpu_dmp_motion_driver.o(i.dmp_enable_lp_quat)
    dmp_load_motion_driver_firmware          0x080036c5   Thumb Code    20  inv_mpu_dmp_motion_driver.o(i.dmp_load_motion_driver_firmware)
    dmp_read_fifo                            0x080036dd   Thumb Code   464  inv_mpu_dmp_motion_driver.o(i.dmp_read_fifo)
    dmp_set_accel_bias                       0x080038b9   Thumb Code   300  inv_mpu_dmp_motion_driver.o(i.dmp_set_accel_bias)
    dmp_set_fifo_rate                        0x080039e9   Thumb Code    96  inv_mpu_dmp_motion_driver.o(i.dmp_set_fifo_rate)
    dmp_set_gyro_bias                        0x08003a59   Thumb Code   294  inv_mpu_dmp_motion_driver.o(i.dmp_set_gyro_bias)
    dmp_set_orientation                      0x08003b89   Thumb Code   290  inv_mpu_dmp_motion_driver.o(i.dmp_set_orientation)
    dmp_set_shake_reject_thresh              0x08003cc1   Thumb Code    56  inv_mpu_dmp_motion_driver.o(i.dmp_set_shake_reject_thresh)
    dmp_set_shake_reject_time                0x08003cf9   Thumb Code    38  inv_mpu_dmp_motion_driver.o(i.dmp_set_shake_reject_time)
    dmp_set_shake_reject_timeout             0x08003d1f   Thumb Code    38  inv_mpu_dmp_motion_driver.o(i.dmp_set_shake_reject_timeout)
    dmp_set_tap_axes                         0x08003d45   Thumb Code    70  inv_mpu_dmp_motion_driver.o(i.dmp_set_tap_axes)
    dmp_set_tap_count                        0x08003d8b   Thumb Code    38  inv_mpu_dmp_motion_driver.o(i.dmp_set_tap_count)
    dmp_set_tap_thresh                       0x08003db1   Thumb Code   396  inv_mpu_dmp_motion_driver.o(i.dmp_set_tap_thresh)
    dmp_set_tap_time                         0x08003f51   Thumb Code    38  inv_mpu_dmp_motion_driver.o(i.dmp_set_tap_time)
    dmp_set_tap_time_multi                   0x08003f77   Thumb Code    38  inv_mpu_dmp_motion_driver.o(i.dmp_set_tap_time_multi)
    inv_orientation_matrix_to_scalar         0x080045d9   Thumb Code    40  inv_mpu.o(i.inv_orientation_matrix_to_scalar)
    inv_row_2_scale                          0x08004601   Thumb Code    78  inv_mpu.o(i.inv_row_2_scale)
    main                                     0x08004651   Thumb Code   184  main.o(i.main)
    mpu_configure_fifo                       0x08004751   Thumb Code   106  inv_mpu.o(i.mpu_configure_fifo)
    mpu_get_accel_fsr                        0x080047c1   Thumb Code    72  inv_mpu.o(i.mpu_get_accel_fsr)
    mpu_get_accel_sens                       0x0800480d   Thumb Code    78  inv_mpu.o(i.mpu_get_accel_sens)
    mpu_get_fifo_config                      0x08004861   Thumb Code    12  inv_mpu.o(i.mpu_get_fifo_config)
    mpu_get_gyro_fsr                         0x08004871   Thumb Code    64  inv_mpu.o(i.mpu_get_gyro_fsr)
    mpu_get_gyro_sens                        0x080048b5   Thumb Code    58  inv_mpu.o(i.mpu_get_gyro_sens)
    mpu_get_lpf                              0x08004905   Thumb Code    74  inv_mpu.o(i.mpu_get_lpf)
    mpu_get_sample_rate                      0x08004955   Thumb Code    26  inv_mpu.o(i.mpu_get_sample_rate)
    mpu_init                                 0x08004975   Thumb Code   396  inv_mpu.o(i.mpu_init)
    mpu_load_firmware                        0x08004b05   Thumb Code   180  inv_mpu.o(i.mpu_load_firmware)
    mpu_lp_accel_mode                        0x08004bbd   Thumb Code   218  inv_mpu.o(i.mpu_lp_accel_mode)
    mpu_read_fifo_stream                     0x08004c9d   Thumb Code   186  inv_mpu.o(i.mpu_read_fifo_stream)
    mpu_read_mem                             0x08004d5d   Thumb Code   122  inv_mpu.o(i.mpu_read_mem)
    mpu_reset_fifo                           0x08004ddd   Thumb Code   450  inv_mpu.o(i.mpu_reset_fifo)
    mpu_run_self_test                        0x08004fa5   Thumb Code   278  inv_mpu.o(i.mpu_run_self_test)
    mpu_set_accel_fsr                        0x080050c1   Thumb Code   126  inv_mpu.o(i.mpu_set_accel_fsr)
    mpu_set_bypass                           0x08005145   Thumb Code   328  inv_mpu.o(i.mpu_set_bypass)
    mpu_set_dmp_state                        0x08005291   Thumb Code   138  inv_mpu.o(i.mpu_set_dmp_state)
    mpu_set_gyro_fsr                         0x08005321   Thumb Code   132  inv_mpu.o(i.mpu_set_gyro_fsr)
    mpu_set_int_latched                      0x080053a9   Thumb Code   102  inv_mpu.o(i.mpu_set_int_latched)
    mpu_set_lpf                              0x08005415   Thumb Code   126  inv_mpu.o(i.mpu_set_lpf)
    mpu_set_sample_rate                      0x08005499   Thumb Code   152  inv_mpu.o(i.mpu_set_sample_rate)
    mpu_set_sensors                          0x08005535   Thumb Code   202  inv_mpu.o(i.mpu_set_sensors)
    mpu_write_mem                            0x08005605   Thumb Code   122  inv_mpu.o(i.mpu_write_mem)
    run_self_test                            0x08005685   Thumb Code   144  inv_mpu.o(i.run_self_test)
    speed_control                            0x080057a5   Thumb Code   278  pid.o(i.speed_control)
    sqrt                                     0x080058fd   Thumb Code    76  sqrt.o(i.sqrt)
    turn                                     0x08005949   Thumb Code   168  pid.o(i.turn)
    __aeabi_d2f                              0x08005a11   Thumb Code     0  d2f.o(x$fpl$d2f)
    _d2f                                     0x08005a11   Thumb Code    98  d2f.o(x$fpl$d2f)
    __aeabi_dadd                             0x08005a75   Thumb Code     0  daddsub_clz.o(x$fpl$dadd)
    _dadd                                    0x08005a75   Thumb Code   332  daddsub_clz.o(x$fpl$dadd)
    __fpl_dcheck_NaN1                        0x08005bc5   Thumb Code    10  dcheck1.o(x$fpl$dcheck1)
    __aeabi_ddiv                             0x08005bd5   Thumb Code     0  ddiv.o(x$fpl$ddiv)
    _ddiv                                    0x08005bd5   Thumb Code   552  ddiv.o(x$fpl$ddiv)
    __aeabi_ui2d                             0x08005e85   Thumb Code     0  dflt_clz.o(x$fpl$dfltu)
    _dfltu                                   0x08005e85   Thumb Code    38  dflt_clz.o(x$fpl$dfltu)
    __aeabi_dmul                             0x08005ead   Thumb Code     0  dmul.o(x$fpl$dmul)
    _dmul                                    0x08005ead   Thumb Code   332  dmul.o(x$fpl$dmul)
    __fpl_dnaninf                            0x08006001   Thumb Code   156  dnaninf.o(x$fpl$dnaninf)
    __fpl_dretinf                            0x0800609d   Thumb Code    12  dretinf.o(x$fpl$dretinf)
    __aeabi_drsub                            0x080060a9   Thumb Code     0  daddsub_clz.o(x$fpl$drsb)
    _drsb                                    0x080060a9   Thumb Code    22  daddsub_clz.o(x$fpl$drsb)
    _dsqrt                                   0x080060c1   Thumb Code   456  dsqrt_noumaal.o(x$fpl$dsqrt)
    __aeabi_dsub                             0x0800628d   Thumb Code     0  daddsub_clz.o(x$fpl$dsub)
    _dsub                                    0x0800628d   Thumb Code   464  daddsub_clz.o(x$fpl$dsub)
    __aeabi_f2d                              0x08006461   Thumb Code     0  f2d.o(x$fpl$f2d)
    _f2d                                     0x08006461   Thumb Code    86  f2d.o(x$fpl$f2d)
    __aeabi_fadd                             0x080064b9   Thumb Code     0  faddsub_clz.o(x$fpl$fadd)
    _fadd                                    0x080064b9   Thumb Code   196  faddsub_clz.o(x$fpl$fadd)
    __fpl_fcmp_Inf                           0x0800657d   Thumb Code    24  fcmpi.o(x$fpl$fcmpinf)
    __aeabi_fdiv                             0x08006595   Thumb Code     0  fdiv.o(x$fpl$fdiv)
    _fdiv                                    0x08006595   Thumb Code   384  fdiv.o(x$fpl$fdiv)
    __aeabi_cfcmpeq                          0x08006719   Thumb Code     0  feqf.o(x$fpl$feqf)
    _fcmpeq                                  0x08006719   Thumb Code   104  feqf.o(x$fpl$feqf)
    __aeabi_f2iz                             0x08006781   Thumb Code     0  ffix.o(x$fpl$ffix)
    _ffix                                    0x08006781   Thumb Code    54  ffix.o(x$fpl$ffix)
    __aeabi_f2uiz                            0x080067b9   Thumb Code     0  ffixu.o(x$fpl$ffixu)
    _ffixu                                   0x080067b9   Thumb Code    62  ffixu.o(x$fpl$ffixu)
    __aeabi_i2f                              0x080067f9   Thumb Code     0  fflt_clz.o(x$fpl$fflt)
    _fflt                                    0x080067f9   Thumb Code    48  fflt_clz.o(x$fpl$fflt)
    __aeabi_ui2f                             0x08006829   Thumb Code     0  fflt_clz.o(x$fpl$ffltu)
    _ffltu                                   0x08006829   Thumb Code    38  fflt_clz.o(x$fpl$ffltu)
    __aeabi_cfcmple                          0x08006851   Thumb Code     0  fleqf.o(x$fpl$fleqf)
    _fcmple                                  0x08006851   Thumb Code   104  fleqf.o(x$fpl$fleqf)
    __fpl_fcmple_InfNaN                      0x080068a3   Thumb Code     0  fleqf.o(x$fpl$fleqf)
    __aeabi_fmul                             0x080068b9   Thumb Code     0  fmul.o(x$fpl$fmul)
    _fmul                                    0x080068b9   Thumb Code   258  fmul.o(x$fpl$fmul)
    __fpl_fnaninf                            0x080069bb   Thumb Code   140  fnaninf.o(x$fpl$fnaninf)
    __fpl_fretinf                            0x08006a47   Thumb Code    10  fretinf.o(x$fpl$fretinf)
    __aeabi_cfrcmple                         0x08006a51   Thumb Code     0  frleqf.o(x$fpl$frleqf)
    _frcmple                                 0x08006a51   Thumb Code    98  frleqf.o(x$fpl$frleqf)
    __aeabi_frsub                            0x08006ab3   Thumb Code     0  faddsub_clz.o(x$fpl$frsb)
    _frsb                                    0x08006ab3   Thumb Code    20  faddsub_clz.o(x$fpl$frsb)
    __aeabi_fsub                             0x08006ac9   Thumb Code     0  faddsub_clz.o(x$fpl$fsub)
    _fsub                                    0x08006ac9   Thumb Code   234  faddsub_clz.o(x$fpl$fsub)
    __fpl_return_NaN                         0x08006bb3   Thumb Code   100  retnan.o(x$fpl$retnan)
    __ARM_scalbn                             0x08006c17   Thumb Code    92  scalbn.o(x$fpl$scalbn)
    __fpl_cmpreturn                          0x08006c73   Thumb Code    48  trapv.o(x$fpl$trapveneer)
    __I$use$fp                               0x08006ca2   Number         0  usenofp.o(x$fpl$usenofp)
    hw                                       0x08006ca4   Data          12  inv_mpu.o(.constdata)
    reg                                      0x08006cb0   Data          27  inv_mpu.o(.constdata)
    test                                     0x08006ccc   Data          40  inv_mpu.o(.constdata)
    asc2_1206                                0x080078ea   Data        1140  oled.o(.constdata)
    asc2_1608                                0x08007d5e   Data        1520  oled.o(.constdata)
    asc2_2412                                0x0800834e   Data        3420  oled.o(.constdata)
    __mathlib_zero                           0x08009198   Data           8  qnan.o(.constdata)
    Region$$Table$$Base                      0x080091a0   Number         0  anon$$obj.o(Region$$Table)
    Region$$Table$$Limit                     0x080091c0   Number         0  anon$$obj.o(Region$$Table)
    SystemCoreClock                          0x20000000   Data           4  system_stm32f10x.o(.data)
    AHBPrescTable                            0x20000004   Data          16  system_stm32f10x.o(.data)
    q0                                       0x20000038   Data           4  mpu6050.o(.data)
    q1                                       0x2000003c   Data           4  mpu6050.o(.data)
    q2                                       0x20000040   Data           4  mpu6050.o(.data)
    q3                                       0x20000044   Data           4  mpu6050.o(.data)
    Pitch                                    0x20000048   Data           4  mpu6050.o(.data)
    Roll                                     0x2000004c   Data           4  mpu6050.o(.data)
    Yaw                                      0x20000050   Data           4  mpu6050.o(.data)
    sensor_timestamp                         0x20000054   Data           4  mpu6050.o(.data)
    gyro                                     0x20000058   Data           6  mpu6050.o(.data)
    accel                                    0x2000005e   Data           6  mpu6050.o(.data)
    sensors                                  0x20000064   Data           2  mpu6050.o(.data)
    more                                     0x20000066   Data           1  mpu6050.o(.data)
    acc                                      0x20000094   Data           2  inv_mpu_dmp_motion_driver.o(.data)
    gyr                                      0x20000096   Data           2  inv_mpu_dmp_motion_driver.o(.data)
    __stdout                                 0x20000098   Data           4  usart1.o(.data)
    USART1_RX_STA                            0x2000009c   Data           2  usart1.o(.data)
    pwm_L                                    0x200000a0   Data           4  pid.o(.data)
    pwm_R                                    0x200000a4   Data           4  pid.o(.data)
    Flag_Left                                0x200000a8   Data           1  pid.o(.data)
    Flag_Right                               0x200000a9   Data           1  pid.o(.data)
    Flag_Front                               0x200000aa   Data           1  pid.o(.data)
    Flag_Back                                0x200000ab   Data           1  pid.o(.data)
    Flag_Stop                                0x200000ac   Data           1  pid.o(.data)
    Encoder_Left                             0x200000d8   Data           2  encoder.o(.data)
    Encoder_Right                            0x200000da   Data           2  encoder.o(.data)
    quat                                     0x200000e4   Data          16  mpu6050.o(.bss)
    USART1_TX_BUF                            0x20000104   Data         200  usart1.o(.bss)
    USART1_RX_BUF                            0x200001cc   Data         800  usart1.o(.bss)
    OLED_GRAM                                0x200004ec   Data        1024  oled.o(.bss)
    __libspace_start                         0x200008ec   Data          96  libspace.o(.bss)
    __temporary_stack_top$libspace           0x2000094c   Data           0  libspace.o(.bss)



==============================================================================

Memory Map of the image

  Image Entry point : 0x080000ed

  Load Region LR_IROM1 (Base: 0x08000000, Size: 0x000092a4, Max: 0x00010000, ABSOLUTE)

    Execution Region ER_IROM1 (Exec base: 0x08000000, Load base: 0x08000000, Size: 0x000091c0, Max: 0x00010000, ABSOLUTE)

    Exec Addr    Load Addr    Size         Type   Attr      Idx    E Section Name        Object

    0x08000000   0x08000000   0x000000ec   Data   RO          269    RESET               startup_stm32f10x_md.o
    0x080000ec   0x080000ec   0x00000008   Code   RO         2650  * !!!main             c_w.l(__main.o)
    0x080000f4   0x080000f4   0x00000034   Code   RO         2962    !!!scatter          c_w.l(__scatter.o)
    0x08000128   0x08000128   0x0000001a   Code   RO         2964    !!handler_copy      c_w.l(__scatter_copy.o)
    0x08000142   0x08000142   0x00000002   PAD
    0x08000144   0x08000144   0x0000001c   Code   RO         2966    !!handler_zi        c_w.l(__scatter_zi.o)
    0x08000160   0x08000160   0x00000002   Code   RO         2829    .ARM.Collect$$libinit$$00000000  c_w.l(libinit.o)
    0x08000162   0x08000162   0x00000000   Code   RO         2841    .ARM.Collect$$libinit$$00000002  c_w.l(libinit2.o)
    0x08000162   0x08000162   0x00000000   Code   RO         2843    .ARM.Collect$$libinit$$00000004  c_w.l(libinit2.o)
    0x08000162   0x08000162   0x00000000   Code   RO         2846    .ARM.Collect$$libinit$$0000000A  c_w.l(libinit2.o)
    0x08000162   0x08000162   0x00000000   Code   RO         2848    .ARM.Collect$$libinit$$0000000C  c_w.l(libinit2.o)
    0x08000162   0x08000162   0x00000000   Code   RO         2850    .ARM.Collect$$libinit$$0000000E  c_w.l(libinit2.o)
    0x08000162   0x08000162   0x00000000   Code   RO         2853    .ARM.Collect$$libinit$$00000011  c_w.l(libinit2.o)
    0x08000162   0x08000162   0x00000000   Code   RO         2855    .ARM.Collect$$libinit$$00000013  c_w.l(libinit2.o)
    0x08000162   0x08000162   0x00000000   Code   RO         2857    .ARM.Collect$$libinit$$00000015  c_w.l(libinit2.o)
    0x08000162   0x08000162   0x00000000   Code   RO         2859    .ARM.Collect$$libinit$$00000017  c_w.l(libinit2.o)
    0x08000162   0x08000162   0x00000000   Code   RO         2861    .ARM.Collect$$libinit$$00000019  c_w.l(libinit2.o)
    0x08000162   0x08000162   0x00000000   Code   RO         2863    .ARM.Collect$$libinit$$0000001B  c_w.l(libinit2.o)
    0x08000162   0x08000162   0x00000000   Code   RO         2865    .ARM.Collect$$libinit$$0000001D  c_w.l(libinit2.o)
    0x08000162   0x08000162   0x00000000   Code   RO         2867    .ARM.Collect$$libinit$$0000001F  c_w.l(libinit2.o)
    0x08000162   0x08000162   0x00000000   Code   RO         2869    .ARM.Collect$$libinit$$00000021  c_w.l(libinit2.o)
    0x08000162   0x08000162   0x00000000   Code   RO         2871    .ARM.Collect$$libinit$$00000023  c_w.l(libinit2.o)
    0x08000162   0x08000162   0x00000000   Code   RO         2873    .ARM.Collect$$libinit$$00000025  c_w.l(libinit2.o)
    0x08000162   0x08000162   0x00000000   Code   RO         2877    .ARM.Collect$$libinit$$0000002C  c_w.l(libinit2.o)
    0x08000162   0x08000162   0x00000000   Code   RO         2879    .ARM.Collect$$libinit$$0000002E  c_w.l(libinit2.o)
    0x08000162   0x08000162   0x00000000   Code   RO         2881    .ARM.Collect$$libinit$$00000030  c_w.l(libinit2.o)
    0x08000162   0x08000162   0x00000000   Code   RO         2883    .ARM.Collect$$libinit$$00000032  c_w.l(libinit2.o)
    0x08000162   0x08000162   0x00000002   Code   RO         2884    .ARM.Collect$$libinit$$00000033  c_w.l(libinit2.o)
    0x08000164   0x08000164   0x00000002   Code   RO         2914    .ARM.Collect$$libshutdown$$00000000  c_w.l(libshutdown.o)
    0x08000166   0x08000166   0x00000000   Code   RO         2928    .ARM.Collect$$libshutdown$$00000002  c_w.l(libshutdown2.o)
    0x08000166   0x08000166   0x00000000   Code   RO         2930    .ARM.Collect$$libshutdown$$00000004  c_w.l(libshutdown2.o)
    0x08000166   0x08000166   0x00000000   Code   RO         2933    .ARM.Collect$$libshutdown$$00000007  c_w.l(libshutdown2.o)
    0x08000166   0x08000166   0x00000000   Code   RO         2936    .ARM.Collect$$libshutdown$$0000000A  c_w.l(libshutdown2.o)
    0x08000166   0x08000166   0x00000000   Code   RO         2938    .ARM.Collect$$libshutdown$$0000000C  c_w.l(libshutdown2.o)
    0x08000166   0x08000166   0x00000000   Code   RO         2941    .ARM.Collect$$libshutdown$$0000000F  c_w.l(libshutdown2.o)
    0x08000166   0x08000166   0x00000002   Code   RO         2942    .ARM.Collect$$libshutdown$$00000010  c_w.l(libshutdown2.o)
    0x08000168   0x08000168   0x00000000   Code   RO         2726    .ARM.Collect$$rtentry$$00000000  c_w.l(__rtentry.o)
    0x08000168   0x08000168   0x00000000   Code   RO         2784    .ARM.Collect$$rtentry$$00000002  c_w.l(__rtentry2.o)
    0x08000168   0x08000168   0x00000006   Code   RO         2796    .ARM.Collect$$rtentry$$00000004  c_w.l(__rtentry4.o)
    0x0800016e   0x0800016e   0x00000000   Code   RO         2786    .ARM.Collect$$rtentry$$00000009  c_w.l(__rtentry2.o)
    0x0800016e   0x0800016e   0x00000004   Code   RO         2787    .ARM.Collect$$rtentry$$0000000A  c_w.l(__rtentry2.o)
    0x08000172   0x08000172   0x00000000   Code   RO         2789    .ARM.Collect$$rtentry$$0000000C  c_w.l(__rtentry2.o)
    0x08000172   0x08000172   0x00000008   Code   RO         2790    .ARM.Collect$$rtentry$$0000000D  c_w.l(__rtentry2.o)
    0x0800017a   0x0800017a   0x00000002   Code   RO         2834    .ARM.Collect$$rtexit$$00000000  c_w.l(rtexit.o)
    0x0800017c   0x0800017c   0x00000000   Code   RO         2888    .ARM.Collect$$rtexit$$00000002  c_w.l(rtexit2.o)
    0x0800017c   0x0800017c   0x00000004   Code   RO         2889    .ARM.Collect$$rtexit$$00000003  c_w.l(rtexit2.o)
    0x08000180   0x08000180   0x00000006   Code   RO         2890    .ARM.Collect$$rtexit$$00000004  c_w.l(rtexit2.o)
    0x08000186   0x08000186   0x00000002   PAD
    0x08000188   0x08000188   0x00000040   Code   RO          270    .text               startup_stm32f10x_md.o
    0x080001c8   0x080001c8   0x00000002   Code   RO         2640    .text               c_w.l(use_no_semi_2.o)
    0x080001ca   0x080001ca   0x00000048   Code   RO         2642    .text               c_w.l(llsdiv.o)
    0x08000212   0x08000212   0x00000058   Code   RO         2644    .text               c_w.l(memcmp.o)
    0x0800026a   0x0800026a   0x00000010   Code   RO         2646    .text               c_w.l(aeabi_memset.o)
    0x0800027a   0x0800027a   0x00000006   Code   RO         2648    .text               c_w.l(heapauxi.o)
    0x08000280   0x08000280   0x00000002   Code   RO         2724    .text               c_w.l(use_no_semi.o)
    0x08000282   0x08000282   0x000000ee   Code   RO         2727    .text               c_w.l(lludivv7m.o)
    0x08000370   0x08000370   0x00000016   Code   RO         2729    .text               c_w.l(_rserrno.o)
    0x08000386   0x08000386   0x00000044   Code   RO         2731    .text               c_w.l(rt_memclr.o)
    0x080003ca   0x080003ca   0x00000002   PAD
    0x080003cc   0x080003cc   0x00000008   Code   RO         2805    .text               c_w.l(rt_errno_addr_intlibspace.o)
    0x080003d4   0x080003d4   0x0000004e   Code   RO         2807    .text               c_w.l(rt_memclr_w.o)
    0x08000422   0x08000422   0x00000002   PAD
    0x08000424   0x08000424   0x00000008   Code   RO         2815    .text               c_w.l(libspace.o)
    0x0800042c   0x0800042c   0x0000004a   Code   RO         2818    .text               c_w.l(sys_stackheap_outer.o)
    0x08000476   0x08000476   0x00000012   Code   RO         2822    .text               c_w.l(exit.o)
    0x08000488   0x08000488   0x00000016   Code   RO         1384    i.ADC_Cmd           stm32f10x_adc.o
    0x0800049e   0x0800049e   0x00000002   PAD
    0x080004a0   0x080004a0   0x0000005c   Code   RO         1386    i.ADC_DeInit        stm32f10x_adc.o
    0x080004fc   0x080004fc   0x00000014   Code   RO         1392    i.ADC_GetCalibrationStatus  stm32f10x_adc.o
    0x08000510   0x08000510   0x00000008   Code   RO         1393    i.ADC_GetConversionValue  stm32f10x_adc.o
    0x08000518   0x08000518   0x00000012   Code   RO         1395    i.ADC_GetFlagStatus  stm32f10x_adc.o
    0x0800052a   0x0800052a   0x00000014   Code   RO         1398    i.ADC_GetResetCalibrationStatus  stm32f10x_adc.o
    0x0800053e   0x0800053e   0x00000002   PAD
    0x08000540   0x08000540   0x00000050   Code   RO         1402    i.ADC_Init          stm32f10x_adc.o
    0x08000590   0x08000590   0x000000b8   Code   RO         1406    i.ADC_RegularChannelConfig  stm32f10x_adc.o
    0x08000648   0x08000648   0x0000000a   Code   RO         1407    i.ADC_ResetCalibration  stm32f10x_adc.o
    0x08000652   0x08000652   0x00000016   Code   RO         1409    i.ADC_SoftwareStartConvCmd  stm32f10x_adc.o
    0x08000668   0x08000668   0x0000000a   Code   RO         1411    i.ADC_StartCalibration  stm32f10x_adc.o
    0x08000672   0x08000672   0x00000002   PAD
    0x08000674   0x08000674   0x0000008c   Code   RO         2610    i.Adc_Init          adc.o
    0x08000700   0x08000700   0x00000004   Code   RO          159    i.BusFault_Handler  stm32f10x_it.o
    0x08000704   0x08000704   0x0000002c   Code   RO         2424    i.Close_Motor       pid.o
    0x08000730   0x08000730   0x00000084   Code   RO         2425    i.Control           pid.o
    0x080007b4   0x080007b4   0x00000002   Code   RO          160    i.DebugMon_Handler  stm32f10x_it.o
    0x080007b6   0x080007b6   0x00000116   Code   RO          342    i.GPIO_Init         stm32f10x_gpio.o
    0x080008cc   0x080008cc   0x00000090   Code   RO          344    i.GPIO_PinRemapConfig  stm32f10x_gpio.o
    0x0800095c   0x0800095c   0x00000012   Code   RO          346    i.GPIO_ReadInputDataBit  stm32f10x_gpio.o
    0x0800096e   0x0800096e   0x00000004   Code   RO          349    i.GPIO_ResetBits    stm32f10x_gpio.o
    0x08000972   0x08000972   0x00000004   Code   RO          350    i.GPIO_SetBits      stm32f10x_gpio.o
    0x08000976   0x08000976   0x00000010   Code   RO          351    i.GPIO_StructInit   stm32f10x_gpio.o
    0x08000986   0x08000986   0x00000002   PAD
    0x08000988   0x08000988   0x00000034   Code   RO         2611    i.Get_Adc           adc.o
    0x080009bc   0x080009bc   0x0000002e   Code   RO         2612    i.Get_Adc_Average   adc.o
    0x080009ea   0x080009ea   0x00000004   Code   RO          161    i.HardFault_Handler  stm32f10x_it.o
    0x080009ee   0x080009ee   0x00000002   PAD
    0x080009f0   0x080009f0   0x00000038   Code   RO         1626    i.I2C_Ack           iic.o
    0x08000a28   0x08000a28   0x00000038   Code   RO         1627    i.I2C_Init_IO       iic.o
    0x08000a60   0x08000a60   0x00000038   Code   RO         1628    i.I2C_NAck          iic.o
    0x08000a98   0x08000a98   0x00000026   Code   RO         1711    i.I2C_Read          mpu6050.o
    0x08000abe   0x08000abe   0x00000072   Code   RO         1712    i.I2C_Read_Buffer   mpu6050.o
    0x08000b30   0x08000b30   0x0000004c   Code   RO         1629    i.I2C_Read_Byte     iic.o
    0x08000b7c   0x08000b7c   0x0000001c   Code   RO         1630    i.I2C_SDA_IN        iic.o
    0x08000b98   0x08000b98   0x00000024   Code   RO         1631    i.I2C_SDA_OUT       iic.o
    0x08000bbc   0x08000bbc   0x00000060   Code   RO         1632    i.I2C_Send_Byte     iic.o
    0x08000c1c   0x08000c1c   0x00000038   Code   RO         1633    i.I2C_Start         iic.o
    0x08000c54   0x08000c54   0x00000038   Code   RO         1634    i.I2C_Stop          iic.o
    0x08000c8c   0x08000c8c   0x00000054   Code   RO         1635    i.I2C_Wait_Ack      iic.o
    0x08000ce0   0x08000ce0   0x00000026   Code   RO         1713    i.I2C_Write         mpu6050.o
    0x08000d06   0x08000d06   0x0000005e   Code   RO         1714    i.I2C_Write_Buffer  mpu6050.o
    0x08000d64   0x08000d64   0x00000060   Code   RO         1715    i.MPU6050_Init      mpu6050.o
    0x08000dc4   0x08000dc4   0x00000270   Code   RO         1716    i.MPU6050_Pose      mpu6050.o
    0x08001034   0x08001034   0x00000004   Code   RO          162    i.MemManage_Handler  stm32f10x_it.o
    0x08001038   0x08001038   0x00000002   Code   RO          163    i.NMI_Handler       stm32f10x_it.o
    0x0800103a   0x0800103a   0x00000002   PAD
    0x0800103c   0x0800103c   0x00000070   Code   RO          274    i.NVIC_Init         misc.o
    0x080010ac   0x080010ac   0x00000014   Code   RO          275    i.NVIC_PriorityGroupConfig  misc.o
    0x080010c0   0x080010c0   0x00000030   Code   RO         2521    i.OLED_Clear        oled.o
    0x080010f0   0x080010f0   0x00000068   Code   RO         2524    i.OLED_DrawPoint    oled.o
    0x08001158   0x08001158   0x00000168   Code   RO         2526    i.OLED_Init         oled.o
    0x080012c0   0x080012c0   0x0000004c   Code   RO         2527    i.OLED_Refresh_Gram  oled.o
    0x0800130c   0x0800130c   0x0000010c   Code   RO         2528    i.OLED_ShowChar     oled.o
    0x08001418   0x08001418   0x0000005e   Code   RO         2530    i.OLED_ShowString   oled.o
    0x08001476   0x08001476   0x00000002   PAD
    0x08001478   0x08001478   0x00000060   Code   RO         2531    i.OLED_WR_Byte      oled.o
    0x080014d8   0x080014d8   0x0000009e   Code   RO         2426    i.PWM_Set           pid.o
    0x08001576   0x08001576   0x00000002   Code   RO          164    i.PendSV_Handler    stm32f10x_it.o
    0x08001578   0x08001578   0x00000018   Code   RO          450    i.RCC_ADCCLKConfig  stm32f10x_rcc.o
    0x08001590   0x08001590   0x00000020   Code   RO          452    i.RCC_APB1PeriphClockCmd  stm32f10x_rcc.o
    0x080015b0   0x080015b0   0x00000020   Code   RO          453    i.RCC_APB1PeriphResetCmd  stm32f10x_rcc.o
    0x080015d0   0x080015d0   0x00000020   Code   RO          454    i.RCC_APB2PeriphClockCmd  stm32f10x_rcc.o
    0x080015f0   0x080015f0   0x00000020   Code   RO          455    i.RCC_APB2PeriphResetCmd  stm32f10x_rcc.o
    0x08001610   0x08001610   0x000000d4   Code   RO          462    i.RCC_GetClocksFreq  stm32f10x_rcc.o
    0x080016e4   0x080016e4   0x00000030   Code   RO         2476    i.Read_Encoder      encoder.o
    0x08001714   0x08001714   0x00000002   Code   RO          165    i.SVC_Handler       stm32f10x_it.o
    0x08001716   0x08001716   0x00000008   Code   RO          222    i.SetSysClock       system_stm32f10x.o
    0x0800171e   0x0800171e   0x00000002   PAD
    0x08001720   0x08001720   0x000000e0   Code   RO          223    i.SetSysClockTo72   system_stm32f10x.o
    0x08001800   0x08001800   0x00000028   Code   RO          278    i.SysTick_CLKSourceConfig  misc.o
    0x08001828   0x08001828   0x00000002   Code   RO          166    i.SysTick_Handler   stm32f10x_it.o
    0x0800182a   0x0800182a   0x00000002   PAD
    0x0800182c   0x0800182c   0x00000060   Code   RO          225    i.SystemInit        system_stm32f10x.o
    0x0800188c   0x0800188c   0x00000080   Code   RO          650    i.TI1_Config        stm32f10x_tim.o
    0x0800190c   0x0800190c   0x00000098   Code   RO          651    i.TI2_Config        stm32f10x_tim.o
    0x080019a4   0x080019a4   0x00000090   Code   RO          652    i.TI3_Config        stm32f10x_tim.o
    0x08001a34   0x08001a34   0x00000098   Code   RO          653    i.TI4_Config        stm32f10x_tim.o
    0x08001acc   0x08001acc   0x0000003c   Code   RO         1717    i.TIM1_UP_IRQHandler  mpu6050.o
    0x08001b08   0x08001b08   0x000000e0   Code   RO         2396    i.TIM2_PWM_Init     timer.o
    0x08001be8   0x08001be8   0x000000ac   Code   RO         2397    i.TIM3_Mode_Config  timer.o
    0x08001c94   0x08001c94   0x000000ac   Code   RO         2398    i.TIM4_Mode_Config  timer.o
    0x08001d40   0x08001d40   0x00000006   Code   RO          660    i.TIM_ClearFlag     stm32f10x_tim.o
    0x08001d46   0x08001d46   0x00000006   Code   RO          661    i.TIM_ClearITPendingBit  stm32f10x_tim.o
    0x08001d4c   0x08001d4c   0x00000018   Code   RO          666    i.TIM_Cmd           stm32f10x_tim.o
    0x08001d64   0x08001d64   0x000001e8   Code   RO          671    i.TIM_DeInit        stm32f10x_tim.o
    0x08001f4c   0x08001f4c   0x00000042   Code   RO          675    i.TIM_EncoderInterfaceConfig  stm32f10x_tim.o
    0x08001f8e   0x08001f8e   0x00000022   Code   RO          687    i.TIM_GetITStatus   stm32f10x_tim.o
    0x08001fb0   0x08001fb0   0x000000ac   Code   RO          689    i.TIM_ICInit        stm32f10x_tim.o
    0x0800205c   0x0800205c   0x00000012   Code   RO          690    i.TIM_ICStructInit  stm32f10x_tim.o
    0x0800206e   0x0800206e   0x00000012   Code   RO          691    i.TIM_ITConfig      stm32f10x_tim.o
    0x08002080   0x08002080   0x00000098   Code   RO          695    i.TIM_OC1Init       stm32f10x_tim.o
    0x08002118   0x08002118   0x00000012   Code   RO          698    i.TIM_OC1PreloadConfig  stm32f10x_tim.o
    0x0800212a   0x0800212a   0x00000002   PAD
    0x0800212c   0x0800212c   0x000000a4   Code   RO          700    i.TIM_OC2Init       stm32f10x_tim.o
    0x080021d0   0x080021d0   0x0000001a   Code   RO          703    i.TIM_OC2PreloadConfig  stm32f10x_tim.o
    0x080021ea   0x080021ea   0x00000002   PAD
    0x080021ec   0x080021ec   0x000000a0   Code   RO          705    i.TIM_OC3Init       stm32f10x_tim.o
    0x0800228c   0x0800228c   0x00000012   Code   RO          708    i.TIM_OC3PreloadConfig  stm32f10x_tim.o
    0x0800229e   0x0800229e   0x00000002   PAD
    0x080022a0   0x080022a0   0x0000007c   Code   RO          710    i.TIM_OC4Init       stm32f10x_tim.o
    0x0800231c   0x0800231c   0x0000001a   Code   RO          712    i.TIM_OC4PreloadConfig  stm32f10x_tim.o
    0x08002336   0x08002336   0x00000004   Code   RO          727    i.TIM_SetCompare1   stm32f10x_tim.o
    0x0800233a   0x0800233a   0x00000004   Code   RO          728    i.TIM_SetCompare2   stm32f10x_tim.o
    0x0800233e   0x0800233e   0x00000004   Code   RO          729    i.TIM_SetCompare3   stm32f10x_tim.o
    0x08002342   0x08002342   0x00000006   Code   RO          730    i.TIM_SetCompare4   stm32f10x_tim.o
    0x08002348   0x08002348   0x00000012   Code   RO          732    i.TIM_SetIC1Prescaler  stm32f10x_tim.o
    0x0800235a   0x0800235a   0x0000001a   Code   RO          733    i.TIM_SetIC2Prescaler  stm32f10x_tim.o
    0x08002374   0x08002374   0x00000012   Code   RO          734    i.TIM_SetIC3Prescaler  stm32f10x_tim.o
    0x08002386   0x08002386   0x0000001a   Code   RO          735    i.TIM_SetIC4Prescaler  stm32f10x_tim.o
    0x080023a0   0x080023a0   0x000000a4   Code   RO          737    i.TIM_TimeBaseInit  stm32f10x_tim.o
    0x08002444   0x08002444   0x00000012   Code   RO          738    i.TIM_TimeBaseStructInit  stm32f10x_tim.o
    0x08002456   0x08002456   0x00000002   PAD
    0x08002458   0x08002458   0x0000006c   Code   RO         1718    i.Timer1_Init       mpu6050.o
    0x080024c4   0x080024c4   0x00000088   Code   RO         2309    i.USART1_IRQHandler  usart1.o
    0x0800254c   0x0800254c   0x00000148   Code   RO         2310    i.USART1_Init       usart1.o
    0x08002694   0x08002694   0x000001a8   Code   RO         2498    i.USART3_IRQHandler  uasrt_other.o
    0x0800283c   0x0800283c   0x000000a8   Code   RO         2499    i.USART3_Init       uasrt_other.o
    0x080028e4   0x080028e4   0x00000018   Code   RO         1202    i.USART_Cmd         stm32f10x_usart.o
    0x080028fc   0x080028fc   0x00000054   Code   RO         1206    i.USART_GetITStatus  stm32f10x_usart.o
    0x08002950   0x08002950   0x0000004a   Code   RO         1208    i.USART_ITConfig    stm32f10x_usart.o
    0x0800299a   0x0800299a   0x00000002   PAD
    0x0800299c   0x0800299c   0x000000d8   Code   RO         1209    i.USART_Init        stm32f10x_usart.o
    0x08002a74   0x08002a74   0x0000000a   Code   RO         1216    i.USART_ReceiveData  stm32f10x_usart.o
    0x08002a7e   0x08002a7e   0x00000008   Code   RO         1219    i.USART_SendData    stm32f10x_usart.o
    0x08002a86   0x08002a86   0x00000004   Code   RO          167    i.UsageFault_Handler  stm32f10x_it.o
    0x08002a8a   0x08002a8a   0x00000028   Code   RO         2770    i.__ARM_fpclassify  m_ws.l(fpclassify.o)
    0x08002ab2   0x08002ab2   0x000000aa   Code   RO         2772    i.__kernel_poly     m_ws.l(poly.o)
    0x08002b5c   0x08002b5c   0x00000006   Code   RO         2757    i.__mathlib_dbl_infnan  m_ws.l(dunder.o)
    0x08002b62   0x08002b62   0x00000004   Code   RO         2758    i.__mathlib_dbl_infnan2  m_ws.l(dunder.o)
    0x08002b66   0x08002b66   0x0000000c   Code   RO         2759    i.__mathlib_dbl_invalid  m_ws.l(dunder.o)
    0x08002b72   0x08002b72   0x00000002   PAD
    0x08002b74   0x08002b74   0x00000010   Code   RO         2762    i.__mathlib_dbl_underflow  m_ws.l(dunder.o)
    0x08002b84   0x08002b84   0x00000004   Code   RO         2311    i._sys_exit         usart1.o
    0x08002b88   0x08002b88   0x000000ac   Code   RO         1780    i.accel_self_test   inv_mpu.o
    0x08002c34   0x08002c34   0x00000270   Code   RO         2707    i.asin              m_ws.l(asin.o)
    0x08002ea4   0x08002ea4   0x00000220   Code   RO         2747    i.atan              m_ws.l(atan.o)
    0x080030c4   0x080030c4   0x00000180   Code   RO         2717    i.atan2             m_ws.l(atan2.o)
    0x08003244   0x08003244   0x00000054   Code   RO         2427    i.balance           pid.o
    0x08003298   0x08003298   0x00000064   Code   RO         2090    i.decode_gesture    inv_mpu_dmp_motion_driver.o
    0x080032fc   0x080032fc   0x00000044   Code   RO         1600    i.delay_init        delay.o
    0x08003340   0x08003340   0x0000004c   Code   RO         1601    i.delay_ms          delay.o
    0x0800338c   0x0800338c   0x0000004c   Code   RO         1602    i.delay_us          delay.o
    0x080033d8   0x080033d8   0x0000003c   Code   RO         2091    i.dmp_enable_6x_lp_quat  inv_mpu_dmp_motion_driver.o
    0x08003414   0x08003414   0x0000021c   Code   RO         2092    i.dmp_enable_feature  inv_mpu_dmp_motion_driver.o
    0x08003630   0x08003630   0x00000058   Code   RO         2093    i.dmp_enable_gyro_cal  inv_mpu_dmp_motion_driver.o
    0x08003688   0x08003688   0x0000003c   Code   RO         2094    i.dmp_enable_lp_quat  inv_mpu_dmp_motion_driver.o
    0x080036c4   0x080036c4   0x00000018   Code   RO         2099    i.dmp_load_motion_driver_firmware  inv_mpu_dmp_motion_driver.o
    0x080036dc   0x080036dc   0x000001dc   Code   RO         2100    i.dmp_read_fifo     inv_mpu_dmp_motion_driver.o
    0x080038b8   0x080038b8   0x00000130   Code   RO         2103    i.dmp_set_accel_bias  inv_mpu_dmp_motion_driver.o
    0x080039e8   0x080039e8   0x00000070   Code   RO         2104    i.dmp_set_fifo_rate  inv_mpu_dmp_motion_driver.o
    0x08003a58   0x08003a58   0x00000130   Code   RO         2105    i.dmp_set_gyro_bias  inv_mpu_dmp_motion_driver.o
    0x08003b88   0x08003b88   0x00000138   Code   RO         2107    i.dmp_set_orientation  inv_mpu_dmp_motion_driver.o
    0x08003cc0   0x08003cc0   0x00000038   Code   RO         2110    i.dmp_set_shake_reject_thresh  inv_mpu_dmp_motion_driver.o
    0x08003cf8   0x08003cf8   0x00000026   Code   RO         2111    i.dmp_set_shake_reject_time  inv_mpu_dmp_motion_driver.o
    0x08003d1e   0x08003d1e   0x00000026   Code   RO         2112    i.dmp_set_shake_reject_timeout  inv_mpu_dmp_motion_driver.o
    0x08003d44   0x08003d44   0x00000046   Code   RO         2113    i.dmp_set_tap_axes  inv_mpu_dmp_motion_driver.o
    0x08003d8a   0x08003d8a   0x00000026   Code   RO         2114    i.dmp_set_tap_count  inv_mpu_dmp_motion_driver.o
    0x08003db0   0x08003db0   0x000001a0   Code   RO         2115    i.dmp_set_tap_thresh  inv_mpu_dmp_motion_driver.o
    0x08003f50   0x08003f50   0x00000026   Code   RO         2116    i.dmp_set_tap_time  inv_mpu_dmp_motion_driver.o
    0x08003f76   0x08003f76   0x00000026   Code   RO         2117    i.dmp_set_tap_time_multi  inv_mpu_dmp_motion_driver.o
    0x08003f9c   0x08003f9c   0x000000b4   Code   RO         1781    i.get_accel_prod_shift  inv_mpu.o
    0x08004050   0x08004050   0x00000470   Code   RO         1783    i.get_st_biases     inv_mpu.o
    0x080044c0   0x080044c0   0x00000118   Code   RO         1784    i.gyro_self_test    inv_mpu.o
    0x080045d8   0x080045d8   0x00000028   Code   RO         1785    i.inv_orientation_matrix_to_scalar  inv_mpu.o
    0x08004600   0x08004600   0x0000004e   Code   RO         1786    i.inv_row_2_scale   inv_mpu.o
    0x0800464e   0x0800464e   0x00000002   PAD
    0x08004650   0x08004650   0x00000100   Code   RO            1    i.main              main.o
    0x08004750   0x08004750   0x00000070   Code   RO         1787    i.mpu_configure_fifo  inv_mpu.o
    0x080047c0   0x080047c0   0x0000004c   Code   RO         1788    i.mpu_get_accel_fsr  inv_mpu.o
    0x0800480c   0x0800480c   0x00000054   Code   RO         1790    i.mpu_get_accel_sens  inv_mpu.o
    0x08004860   0x08004860   0x00000010   Code   RO         1795    i.mpu_get_fifo_config  inv_mpu.o
    0x08004870   0x08004870   0x00000044   Code   RO         1796    i.mpu_get_gyro_fsr  inv_mpu.o
    0x080048b4   0x080048b4   0x00000050   Code   RO         1798    i.mpu_get_gyro_sens  inv_mpu.o
    0x08004904   0x08004904   0x00000050   Code   RO         1800    i.mpu_get_lpf       inv_mpu.o
    0x08004954   0x08004954   0x00000020   Code   RO         1802    i.mpu_get_sample_rate  inv_mpu.o
    0x08004974   0x08004974   0x00000190   Code   RO         1804    i.mpu_init          inv_mpu.o
    0x08004b04   0x08004b04   0x000000b8   Code   RO         1805    i.mpu_load_firmware  inv_mpu.o
    0x08004bbc   0x08004bbc   0x000000e0   Code   RO         1806    i.mpu_lp_accel_mode  inv_mpu.o
    0x08004c9c   0x08004c9c   0x000000c0   Code   RO         1809    i.mpu_read_fifo_stream  inv_mpu.o
    0x08004d5c   0x08004d5c   0x00000080   Code   RO         1810    i.mpu_read_mem      inv_mpu.o
    0x08004ddc   0x08004ddc   0x000001c8   Code   RO         1813    i.mpu_reset_fifo    inv_mpu.o
    0x08004fa4   0x08004fa4   0x0000011c   Code   RO         1814    i.mpu_run_self_test  inv_mpu.o
    0x080050c0   0x080050c0   0x00000084   Code   RO         1816    i.mpu_set_accel_fsr  inv_mpu.o
    0x08005144   0x08005144   0x0000014c   Code   RO         1817    i.mpu_set_bypass    inv_mpu.o
    0x08005290   0x08005290   0x00000090   Code   RO         1819    i.mpu_set_dmp_state  inv_mpu.o
    0x08005320   0x08005320   0x00000088   Code   RO         1820    i.mpu_set_gyro_fsr  inv_mpu.o
    0x080053a8   0x080053a8   0x0000006c   Code   RO         1821    i.mpu_set_int_latched  inv_mpu.o
    0x08005414   0x08005414   0x00000084   Code   RO         1823    i.mpu_set_lpf       inv_mpu.o
    0x08005498   0x08005498   0x0000009c   Code   RO         1824    i.mpu_set_sample_rate  inv_mpu.o
    0x08005534   0x08005534   0x000000d0   Code   RO         1825    i.mpu_set_sensors   inv_mpu.o
    0x08005604   0x08005604   0x00000080   Code   RO         1826    i.mpu_write_mem     inv_mpu.o
    0x08005684   0x08005684   0x00000090   Code   RO         1827    i.run_self_test     inv_mpu.o
    0x08005714   0x08005714   0x00000090   Code   RO         1828    i.set_int_enable    inv_mpu.o
    0x080057a4   0x080057a4   0x00000158   Code   RO         2428    i.speed_control     pid.o
    0x080058fc   0x080058fc   0x0000004c   Code   RO         2776    i.sqrt              m_ws.l(sqrt.o)
    0x08005948   0x08005948   0x000000c8   Code   RO         2429    i.turn              pid.o
    0x08005a10   0x08005a10   0x00000062   Code   RO         2652    x$fpl$d2f           fz_ws.l(d2f.o)
    0x08005a72   0x08005a72   0x00000002   PAD
    0x08005a74   0x08005a74   0x00000150   Code   RO         2654    x$fpl$dadd          fz_ws.l(daddsub_clz.o)
    0x08005bc4   0x08005bc4   0x00000010   Code   RO         2809    x$fpl$dcheck1       fz_ws.l(dcheck1.o)
    0x08005bd4   0x08005bd4   0x000002b0   Code   RO         2661    x$fpl$ddiv          fz_ws.l(ddiv.o)
    0x08005e84   0x08005e84   0x00000026   Code   RO         2664    x$fpl$dfltu         fz_ws.l(dflt_clz.o)
    0x08005eaa   0x08005eaa   0x00000002   PAD
    0x08005eac   0x08005eac   0x00000154   Code   RO         2670    x$fpl$dmul          fz_ws.l(dmul.o)
    0x08006000   0x08006000   0x0000009c   Code   RO         2733    x$fpl$dnaninf       fz_ws.l(dnaninf.o)
    0x0800609c   0x0800609c   0x0000000c   Code   RO         2735    x$fpl$dretinf       fz_ws.l(dretinf.o)
    0x080060a8   0x080060a8   0x00000016   Code   RO         2655    x$fpl$drsb          fz_ws.l(daddsub_clz.o)
    0x080060be   0x080060be   0x00000002   PAD
    0x080060c0   0x080060c0   0x000001cc   Code   RO         2813    x$fpl$dsqrt         fz_ws.l(dsqrt_noumaal.o)
    0x0800628c   0x0800628c   0x000001d4   Code   RO         2656    x$fpl$dsub          fz_ws.l(daddsub_clz.o)
    0x08006460   0x08006460   0x00000056   Code   RO         2672    x$fpl$f2d           fz_ws.l(f2d.o)
    0x080064b6   0x080064b6   0x00000002   PAD
    0x080064b8   0x080064b8   0x000000c4   Code   RO         2674    x$fpl$fadd          fz_ws.l(faddsub_clz.o)
    0x0800657c   0x0800657c   0x00000018   Code   RO         2737    x$fpl$fcmpinf       fz_ws.l(fcmpi.o)
    0x08006594   0x08006594   0x00000184   Code   RO         2681    x$fpl$fdiv          fz_ws.l(fdiv.o)
    0x08006718   0x08006718   0x00000068   Code   RO         2684    x$fpl$feqf          fz_ws.l(feqf.o)
    0x08006780   0x08006780   0x00000036   Code   RO         2686    x$fpl$ffix          fz_ws.l(ffix.o)
    0x080067b6   0x080067b6   0x00000002   PAD
    0x080067b8   0x080067b8   0x0000003e   Code   RO         2690    x$fpl$ffixu         fz_ws.l(ffixu.o)
    0x080067f6   0x080067f6   0x00000002   PAD
    0x080067f8   0x080067f8   0x00000030   Code   RO         2695    x$fpl$fflt          fz_ws.l(fflt_clz.o)
    0x08006828   0x08006828   0x00000026   Code   RO         2694    x$fpl$ffltu         fz_ws.l(fflt_clz.o)
    0x0800684e   0x0800684e   0x00000002   PAD
    0x08006850   0x08006850   0x00000068   Code   RO         2700    x$fpl$fleqf         fz_ws.l(fleqf.o)
    0x080068b8   0x080068b8   0x00000102   Code   RO         2702    x$fpl$fmul          fz_ws.l(fmul.o)
    0x080069ba   0x080069ba   0x0000008c   Code   RO         2739    x$fpl$fnaninf       fz_ws.l(fnaninf.o)
    0x08006a46   0x08006a46   0x0000000a   Code   RO         2741    x$fpl$fretinf       fz_ws.l(fretinf.o)
    0x08006a50   0x08006a50   0x00000062   Code   RO         2704    x$fpl$frleqf        fz_ws.l(frleqf.o)
    0x08006ab2   0x08006ab2   0x00000014   Code   RO         2675    x$fpl$frsb          fz_ws.l(faddsub_clz.o)
    0x08006ac6   0x08006ac6   0x00000002   PAD
    0x08006ac8   0x08006ac8   0x000000ea   Code   RO         2676    x$fpl$fsub          fz_ws.l(faddsub_clz.o)
    0x08006bb2   0x08006bb2   0x00000064   Code   RO         2832    x$fpl$retnan        fz_ws.l(retnan.o)
    0x08006c16   0x08006c16   0x0000005c   Code   RO         2743    x$fpl$scalbn        fz_ws.l(scalbn.o)
    0x08006c72   0x08006c72   0x00000030   Code   RO         2885    x$fpl$trapveneer    fz_ws.l(trapv.o)
    0x08006ca2   0x08006ca2   0x00000000   Code   RO         2745    x$fpl$usenofp       fz_ws.l(usenofp.o)
    0x08006ca2   0x08006ca2   0x00000002   PAD
    0x08006ca4   0x08006ca4   0x00000050   Data   RO         1829    .constdata          inv_mpu.o
    0x08006cf4   0x08006cf4   0x00000bf6   Data   RO         2119    .constdata          inv_mpu_dmp_motion_driver.o
    0x080078ea   0x080078ea   0x000017c0   Data   RO         2534    .constdata          oled.o
    0x080090aa   0x080090aa   0x00000006   PAD
    0x080090b0   0x080090b0   0x00000050   Data   RO         2708    .constdata          m_ws.l(asin.o)
    0x08009100   0x08009100   0x00000098   Data   RO         2748    .constdata          m_ws.l(atan.o)
    0x08009198   0x08009198   0x00000008   Data   RO         2774    .constdata          m_ws.l(qnan.o)
    0x080091a0   0x080091a0   0x00000020   Data   RO         2960    Region$$Table       anon$$obj.o


    Execution Region RW_IRAM1 (Exec base: 0x20000000, Load base: 0x080091c0, Size: 0x00000f50, Max: 0x00005000, ABSOLUTE)

    Exec Addr    Load Addr    Size         Type   Attr      Idx    E Section Name        Object

    0x20000000   0x080091c0   0x00000014   Data   RW          226    .data               system_stm32f10x.o
    0x20000014   0x080091d4   0x00000014   Data   RW          482    .data               stm32f10x_rcc.o
    0x20000028   0x080091e8   0x00000004   Data   RW         1603    .data               delay.o
    0x2000002c   0x080091ec   0x0000003c   Data   RW         1720    .data               mpu6050.o
    0x20000068   0x08009228   0x0000002c   Data   RW         1830    .data               inv_mpu.o
    0x20000094   0x08009254   0x00000004   Data   RW         2120    .data               inv_mpu_dmp_motion_driver.o
    0x20000098   0x08009258   0x00000006   Data   RW         2314    .data               usart1.o
    0x2000009e   0x0800925e   0x00000002   PAD
    0x200000a0   0x08009260   0x00000038   Data   RW         2430    .data               pid.o
    0x200000d8   0x08009298   0x00000004   Data   RW         2477    .data               encoder.o
    0x200000dc   0x0800929c   0x00000006   Data   RW         2500    .data               uasrt_other.o
    0x200000e2   0x080092a2   0x00000002   PAD
    0x200000e4        -       0x00000010   Zero   RW         1719    .bss                mpu6050.o
    0x200000f4        -       0x00000010   Zero   RW         2118    .bss                inv_mpu_dmp_motion_driver.o
    0x20000104        -       0x000003e8   Zero   RW         2313    .bss                usart1.o
    0x200004ec        -       0x00000400   Zero   RW         2533    .bss                oled.o
    0x200008ec        -       0x00000060   Zero   RW         2816    .bss                c_w.l(libspace.o)
    0x2000094c   0x080092a2   0x00000004   PAD
    0x20000950        -       0x00000200   Zero   RW          268    HEAP                startup_stm32f10x_md.o
    0x20000b50        -       0x00000400   Zero   RW          267    STACK               startup_stm32f10x_md.o


==============================================================================

Image component sizes


      Code (inc. data)   RO Data    RW Data    ZI Data      Debug   Object Name

       238         14          0          0          0       1683   adc.o
         0          0          0          0          0         32   core_cm3.o
       220         26          0          4          0       1615   delay.o
        48         16          0          4          0        692   encoder.o
       600         46          0          0          0       4788   iic.o
      6066        206         80         44          0      32531   inv_mpu.o
      3112        130       3062          4         16      20392   inv_mpu_dmp_motion_driver.o
       256         72          0          0          0     249995   main.o
       172         22          0          0          0     214253   misc.o
      1172         74          0         60         16       6328   mpu6050.o
      1046         62       6080          0       1024       5621   oled.o
       962        136          0         56          0       4257   pid.o
        64         26        236          0       1536        776   startup_stm32f10x_md.o
       486         24          0          0          0       8086   stm32f10x_adc.o
       464          6          0          0          0       4764   stm32f10x_gpio.o
        26          0          0          0          0       3466   stm32f10x_it.o
       364         50          0         20          0       5823   stm32f10x_rcc.o
      2384        264          0          0          0      18545   stm32f10x_tim.o
       416          6          0          0          0       5291   stm32f10x_usart.o
       328         28          0         20          0       2065   system_stm32f10x.o
       568         20          0          0          0       2002   timer.o
       592         52          0          6          0       1594   uasrt_other.o
       468         26          0          6       1000       3834   usart1.o

    ----------------------------------------------------------------------
     20082       1306       9496        228       3592     598433   Object Totals
         0          0         32          0          0          0   (incl. Generated)
        30          0          6          4          0          0   (incl. Padding)

    ----------------------------------------------------------------------

      Code (inc. data)   RO Data    RW Data    ZI Data      Debug   Library Member Name

         8          0          0          0          0         68   __main.o
         0          0          0          0          0          0   __rtentry.o
        12          0          0          0          0          0   __rtentry2.o
         6          0          0          0          0          0   __rtentry4.o
        52          8          0          0          0          0   __scatter.o
        26          0          0          0          0          0   __scatter_copy.o
        28          0          0          0          0          0   __scatter_zi.o
        22          0          0          0          0        100   _rserrno.o
        16          0          0          0          0         68   aeabi_memset.o
        18          0          0          0          0         80   exit.o
         6          0          0          0          0        152   heapauxi.o
         2          0          0          0          0          0   libinit.o
         2          0          0          0          0          0   libinit2.o
         2          0          0          0          0          0   libshutdown.o
         2          0          0          0          0          0   libshutdown2.o
         8          4          0          0         96         68   libspace.o
        72          0          0          0          0         76   llsdiv.o
       238          0          0          0          0        100   lludivv7m.o
        88          0          0          0          0         76   memcmp.o
         8          4          0          0          0         68   rt_errno_addr_intlibspace.o
        68          0          0          0          0         68   rt_memclr.o
        78          0          0          0          0         80   rt_memclr_w.o
         2          0          0          0          0          0   rtexit.o
        10          0          0          0          0          0   rtexit2.o
        74          0          0          0          0         80   sys_stackheap_outer.o
         2          0          0          0          0         68   use_no_semi.o
         2          0          0          0          0         68   use_no_semi_2.o
        98          4          0          0          0         92   d2f.o
       826         16          0          0          0        348   daddsub_clz.o
        16          4          0          0          0         68   dcheck1.o
       688        140          0          0          0        208   ddiv.o
        38          0          0          0          0         68   dflt_clz.o
       340         12          0          0          0        104   dmul.o
       156          4          0          0          0         92   dnaninf.o
        12          0          0          0          0         68   dretinf.o
       460         56          0          0          0        120   dsqrt_noumaal.o
        86          4          0          0          0         84   f2d.o
       450          8          0          0          0        236   faddsub_clz.o
        24          0          0          0          0         68   fcmpi.o
       388         76          0          0          0         96   fdiv.o
       104          4          0          0          0         84   feqf.o
        54          4          0          0          0         84   ffix.o
        62          4          0          0          0         84   ffixu.o
        86          0          0          0          0        136   fflt_clz.o
       104          4          0          0          0         84   fleqf.o
       258          4          0          0          0         84   fmul.o
       140          4          0          0          0         84   fnaninf.o
        10          0          0          0          0         68   fretinf.o
        98          0          0          0          0         68   frleqf.o
       100          0          0          0          0         68   retnan.o
        92          0          0          0          0         68   scalbn.o
        48          0          0          0          0         68   trapv.o
         0          0          0          0          0          0   usenofp.o
       624         52         80          0          0        168   asin.o
       544         70        152          0          0        124   atan.o
       384         38          0          0          0        144   atan2.o
        38          6          0          0          0        272   dunder.o
        40          0          0          0          0         68   fpclassify.o
       170          0          0          0          0         96   poly.o
         0          0          8          0          0          0   qnan.o
        76          0          0          0          0         84   sqrt.o

    ----------------------------------------------------------------------
      7494        530        240          0        100       4808   Library Totals
        28          0          0          0          4          0   (incl. Padding)

    ----------------------------------------------------------------------

      Code (inc. data)   RO Data    RW Data    ZI Data      Debug   Library Name

       852         16          0          0         96       1220   c_w.l
      4738        348          0          0          0       2632   fz_ws.l
      1876        166        240          0          0        956   m_ws.l

    ----------------------------------------------------------------------
      7494        530        240          0        100       4808   Library Totals

    ----------------------------------------------------------------------

==============================================================================


      Code (inc. data)   RO Data    RW Data    ZI Data      Debug   

     27576       1836       9736        228       3692     591849   Grand Totals
     27576       1836       9736        228       3692     591849   ELF Image Totals
     27576       1836       9736        228          0          0   ROM Totals

==============================================================================

    Total RO  Size (Code + RO Data)                37312 (  36.44kB)
    Total RW  Size (RW Data + ZI Data)              3920 (   3.83kB)
    Total ROM Size (Code + RO Data + RW Data)      37540 (  36.66kB)

==============================================================================

